Archive member included to satisfy reference by file (symbol)

C:/PROGRA~2/ARMGNU~1/13C7F1~1.2RE/bin/../lib/gcc/arm-none-eabi/13.2.1/thumb/v6-m/nofp\libgcc.a(_dvmd_tls.o)
                              CMakeFiles/test.dir/C_/1_DEV/_PicoSDK/src/rp2_common/pico_divider/divider.S.obj (__aeabi_idiv0)
C:/PROGRA~2/ARMGNU~1/13C7F1~1.2RE/bin/../lib/gcc/arm-none-eabi/13.2.1/thumb/v6-m/nofp\libc.a(libc_a-atoi.o)
                              CMakeFiles/test.dir/C_/1_DEV/_PicoSDK/lib/lwip/src/core/netif.c.obj (atoi)
C:/PROGRA~2/ARMGNU~1/13C7F1~1.2RE/bin/../lib/gcc/arm-none-eabi/13.2.1/thumb/v6-m/nofp\libc.a(libc_a-calloc.o)
                              CMakeFiles/test.dir/C_/1_DEV/_PicoSDK/src/rp2_common/pico_malloc/pico_malloc.c.obj (calloc)
C:/PROGRA~2/ARMGNU~1/13C7F1~1.2RE/bin/../lib/gcc/arm-none-eabi/13.2.1/thumb/v6-m/nofp\libc.a(libc_a-callocr.o)
                              C:/PROGRA~2/ARMGNU~1/13C7F1~1.2RE/bin/../lib/gcc/arm-none-eabi/13.2.1/thumb/v6-m/nofp\libc.a(libc_a-calloc.o) (_calloc_r)
C:/PROGRA~2/ARMGNU~1/13C7F1~1.2RE/bin/../lib/gcc/arm-none-eabi/13.2.1/thumb/v6-m/nofp\libc.a(libc_a-malloc.o)
                              CMakeFiles/test.dir/C_/1_DEV/_PicoSDK/src/rp2_common/pico_malloc/pico_malloc.c.obj (malloc)
C:/PROGRA~2/ARMGNU~1/13C7F1~1.2RE/bin/../lib/gcc/arm-none-eabi/13.2.1/thumb/v6-m/nofp\libc.a(libc_a-mallocr.o)
                              C:/PROGRA~2/ARMGNU~1/13C7F1~1.2RE/bin/../lib/gcc/arm-none-eabi/13.2.1/thumb/v6-m/nofp\libc.a(libc_a-callocr.o) (_malloc_r)
C:/PROGRA~2/ARMGNU~1/13C7F1~1.2RE/bin/../lib/gcc/arm-none-eabi/13.2.1/thumb/v6-m/nofp\libc.a(libc_a-mlock.o)
                              C:/PROGRA~2/ARMGNU~1/13C7F1~1.2RE/bin/../lib/gcc/arm-none-eabi/13.2.1/thumb/v6-m/nofp\libc.a(libc_a-mallocr.o) (__malloc_lock)
C:/PROGRA~2/ARMGNU~1/13C7F1~1.2RE/bin/../lib/gcc/arm-none-eabi/13.2.1/thumb/v6-m/nofp\libc.a(libc_a-realloc.o)
                              CMakeFiles/test.dir/C_/1_DEV/_PicoSDK/src/rp2_common/pico_malloc/pico_malloc.c.obj (realloc)
C:/PROGRA~2/ARMGNU~1/13C7F1~1.2RE/bin/../lib/gcc/arm-none-eabi/13.2.1/thumb/v6-m/nofp\libc.a(libc_a-reallocr.o)
                              C:/PROGRA~2/ARMGNU~1/13C7F1~1.2RE/bin/../lib/gcc/arm-none-eabi/13.2.1/thumb/v6-m/nofp\libc.a(libc_a-realloc.o) (_realloc_r)
C:/PROGRA~2/ARMGNU~1/13C7F1~1.2RE/bin/../lib/gcc/arm-none-eabi/13.2.1/thumb/v6-m/nofp\libc.a(libc_a-strtol.o)
                              C:/PROGRA~2/ARMGNU~1/13C7F1~1.2RE/bin/../lib/gcc/arm-none-eabi/13.2.1/thumb/v6-m/nofp\libc.a(libc_a-atoi.o) (_strtol_r)
C:/PROGRA~2/ARMGNU~1/13C7F1~1.2RE/bin/../lib/gcc/arm-none-eabi/13.2.1/thumb/v6-m/nofp\libc.a(libc_a-ctype_.o)
                              CMakeFiles/test.dir/C_/1_DEV/_PicoSDK/lib/lwip/src/core/dns.c.obj (_ctype_)
C:/PROGRA~2/ARMGNU~1/13C7F1~1.2RE/bin/../lib/gcc/arm-none-eabi/13.2.1/thumb/v6-m/nofp\libc.a(libc_a-memcmp.o)
                              CMakeFiles/test.dir/C_/1_DEV/_PicoSDK/lib/lwip/src/netif/ethernet.c.obj (memcmp)
C:/PROGRA~2/ARMGNU~1/13C7F1~1.2RE/bin/../lib/gcc/arm-none-eabi/13.2.1/thumb/v6-m/nofp\libc.a(libc_a-memmove.o)
                              CMakeFiles/test.dir/C_/1_DEV/_PicoSDK/lib/lwip/src/core/def.c.obj (memmove)
C:/PROGRA~2/ARMGNU~1/13C7F1~1.2RE/bin/../lib/gcc/arm-none-eabi/13.2.1/thumb/v6-m/nofp\libc.a(libc_a-strncmp.o)
                              CMakeFiles/test.dir/C_/1_DEV/_PicoSDK/lib/lwip/src/core/def.c.obj (strncmp)
C:/PROGRA~2/ARMGNU~1/13C7F1~1.2RE/bin/../lib/gcc/arm-none-eabi/13.2.1/thumb/v6-m/nofp\libc.a(libc_a-impure.o)
                              C:/PROGRA~2/ARMGNU~1/13C7F1~1.2RE/bin/../lib/gcc/arm-none-eabi/13.2.1/thumb/v6-m/nofp\libc.a(libc_a-calloc.o) (_impure_ptr)
C:/PROGRA~2/ARMGNU~1/13C7F1~1.2RE/bin/../lib/gcc/arm-none-eabi/13.2.1/thumb/v6-m/nofp\libc.a(libc_a-sbrkr.o)
                              C:/PROGRA~2/ARMGNU~1/13C7F1~1.2RE/bin/../lib/gcc/arm-none-eabi/13.2.1/thumb/v6-m/nofp\libc.a(libc_a-mallocr.o) (_sbrk_r)
C:/PROGRA~2/ARMGNU~1/13C7F1~1.2RE/bin/../lib/gcc/arm-none-eabi/13.2.1/thumb/v6-m/nofp\libc.a(libc_a-errno.o)
                              C:/PROGRA~2/ARMGNU~1/13C7F1~1.2RE/bin/../lib/gcc/arm-none-eabi/13.2.1/thumb/v6-m/nofp\libc.a(libc_a-callocr.o) (__errno)
C:/PROGRA~2/ARMGNU~1/13C7F1~1.2RE/bin/../lib/gcc/arm-none-eabi/13.2.1/thumb/v6-m/nofp\libc.a(libc_a-init.o)
                              C:/PROGRA~2/ARMGNU~1/13C7F1~1.2RE/bin/../lib/gcc/arm-none-eabi/13.2.1/thumb/v6-m/nofp/crt0.o (__libc_init_array)
C:/PROGRA~2/ARMGNU~1/13C7F1~1.2RE/bin/../lib/gcc/arm-none-eabi/13.2.1/thumb/v6-m/nofp\libc.a(libc_a-lock.o)
                              C:/PROGRA~2/ARMGNU~1/13C7F1~1.2RE/bin/../lib/gcc/arm-none-eabi/13.2.1/thumb/v6-m/nofp\libc.a(libc_a-mlock.o) (__retarget_lock_acquire_recursive)
C:/PROGRA~2/ARMGNU~1/13C7F1~1.2RE/bin/../lib/gcc/arm-none-eabi/13.2.1/thumb/v6-m/nofp\libc.a(libc_a-sysconf.o)
                              C:/PROGRA~2/ARMGNU~1/13C7F1~1.2RE/bin/../lib/gcc/arm-none-eabi/13.2.1/thumb/v6-m/nofp\libc.a(libc_a-mallocr.o) (sysconf)
[...]
Memory Configuration

Name             Origin             Length             Attributes
FLASH            0x10000000         0x00200000         xr
RAM              0x20000000         0x00040000         xrw
SCRATCH_X        0x20040000         0x00001000         xrw
SCRATCH_Y        0x20041000         0x00001000         xrw
*default*        0x00000000         0xffffffff

Linker script and memory map

LOAD C:/PROGRA~2/ARMGNU~1/13C7F1~1.2RE/bin/../lib/gcc/arm-none-eabi/13.2.1/thumb/v6-m/nofp/crti.o
LOAD C:/PROGRA~2/ARMGNU~1/13C7F1~1.2RE/bin/../lib/gcc/arm-none-eabi/13.2.1/thumb/v6-m/nofp/crtbegin.o
LOAD C:/PROGRA~2/ARMGNU~1/13C7F1~1.2RE/bin/../lib/gcc/arm-none-eabi/13.2.1/thumb/v6-m/nofp/crt0.o

.flash_begin    0x10000000        0x0
                0x10000000                        __flash_binary_start = .

.boot2          0x10000000      0x100
                0x10000000                        __boot2_start__ = .
 *(.boot2)
 .boot2         0x10000000      0x100 C:\Users\richa\AppData\Local\Temp\cce48tH3.o
                0x10000100                        __boot2_end__ = .
                0x00000001                        ASSERT (((__boot2_end__ - __boot2_start__) == 0x100), ERROR: Pico second stage bootloader must be 256 bytes in size)

.text           0x10000100    0x10068
                0x10000100                        __logical_binary_start = .
 *(.vectors)
 .vectors       0x10000100       0xd4 CMakeFiles/test.dir/C_/1_DEV/_PicoSDK/src/rp2_common/pico_standard_link/crt0.S.obj
                0x10000100                __VECTOR_TABLE
                0x10000100                __vectors
                0x100001c0                isr_invalid
                0x100001c0                __default_isrs_start
                0x100001c2                isr_nmi
                0x100001c4                isr_hardfault
                0x100001c6                isr_svcall
                0x100001c8                isr_pendsv
                0x100001ca                isr_systick
                0x100001cc                isr_irq23
                0x100001cc                isr_irq18
                0x100001cc                isr_irq11
                0x100001cc                isr_irq28
                0x100001cc                isr_irq19
                0x100001cc                isr_irq0
                0x100001cc                isr_irq6
                0x100001cc                isr_irq5
                0x100001cc                isr_irq12
                0x100001cc                isr_irq22
                0x100001cc                isr_irq31
                0x100001cc                isr_irq17
                0x100001cc                isr_irq27
                0x100001cc                isr_irq30
                0x100001cc                isr_irq2
                0x100001cc                isr_irq10
                0x100001cc                isr_irq8
                0x100001cc                isr_irq24
                0x100001cc                isr_irq1
                0x100001cc                isr_irq7
                0x100001cc                isr_irq21
                0x100001cc                isr_irq20
                0x100001cc                isr_irq15
                0x100001cc                isr_irq25
                0x100001cc                isr_irq13
                0x100001cc                __unhandled_user_irq
                0x100001cc                isr_irq4
                0x100001cc                isr_irq16
                0x100001cc                isr_irq29
                0x100001cc                isr_irq26
                0x100001cc                __default_isrs_end
                0x100001cc                isr_irq3
                0x100001cc                isr_irq14
                0x100001cc                isr_irq9
                0x100001d2                unhandled_user_irq_num_in_r0
 *(.binary_info_header)
 .binary_info_header
                0x100001d4       0x14 CMakeFiles/test.dir/C_/1_DEV/_PicoSDK/src/rp2_common/pico_standard_link/crt0.S.obj
                0x100001e8                        __binary_info_header_end = .
 *(.reset)
 .reset         0x100001e8       0xa0 CMakeFiles/test.dir/C_/1_DEV/_PicoSDK/src/rp2_common/pico_standard_link/crt0.S.obj
                0x100001e8                _entry_point
 .reset         0x10000288       0x30 CMakeFiles/test.dir/C_/1_DEV/_PicoSDK/src/rp2_common/pico_standard_link/binary_info.c.obj
 *(.init)
 .init          0x100002b8        0x4 C:/PROGRA~2/ARMGNU~1/13C7F1~1.2RE/bin/../lib/gcc/arm-none-eabi/13.2.1/thumb/v6-m/nofp/crti.o
                0x100002b8                _init
 *(EXCLUDE_FILE(*libm.a: *libc.a:*lib_a-mem*.o *libgcc.a:) .text*)
 .text.register_tm_clones
                0x100002bc       0x28 C:/PROGRA~2/ARMGNU~1/13C7F1~1.2RE/bin/../lib/gcc/arm-none-eabi/13.2.1/thumb/v6-m/nofp/crtbegin.o
 .text.frame_dummy
                0x100002e4       0x24 C:/PROGRA~2/ARMGNU~1/13C7F1~1.2RE/bin/../lib/gcc/arm-none-eabi/13.2.1/thumb/v6-m/nofp/crtbegin.o
 .text.startup.main
                0x10000308       0x3c CMakeFiles/test.dir/main.cpp.obj
                0x10000308                main
 .text.lwip_timeout_reached
                0x10000344        0x8 CMakeFiles/test.dir/C_/1_DEV/_PicoSDK/src/rp2_common/pico_lwip/lwip_nosys.c.obj
 .text.update_next_timeout
                0x1000034c       0x60 CMakeFiles/test.dir/C_/1_DEV/_PicoSDK/src/rp2_common/pico_lwip/lwip_nosys.c.obj
 .text.lwip_nosys_init
                0x100003ac       0x30 CMakeFiles/test.dir/C_/1_DEV/_PicoSDK/src/rp2_common/pico_lwip/lwip_nosys.c.obj
                0x100003ac                lwip_nosys_init
 .text.lwip_nosys_deinit
                0x100003dc       0x20 CMakeFiles/test.dir/C_/1_DEV/_PicoSDK/src/rp2_common/pico_lwip/lwip_nosys.c.obj
                0x100003dc                lwip_nosys_deinit
 .text.sys_arch_protect
                0x100003fc        0x4 CMakeFiles/test.dir/C_/1_DEV/_PicoSDK/src/rp2_common/pico_lwip/lwip_nosys.c.obj
                0x100003fc                sys_arch_protect
 .text.sys_arch_unprotect
                0x10000400        0x4 CMakeFiles/test.dir/C_/1_DEV/_PicoSDK/src/rp2_common/pico_lwip/lwip_nosys.c.obj
                0x10000400                sys_arch_unprotect
 .text.sys_now  0x10000404       0x20 CMakeFiles/test.dir/C_/1_DEV/_PicoSDK/src/rp2_common/pico_lwip/lwip_nosys.c.obj
                0x10000404                sys_now
 .text.async_context_base_add_at_time_worker
                0x10000424       0x24 CMakeFiles/test.dir/C_/1_DEV/_PicoSDK/src/rp2_common/pico_async_context/async_context_base.c.obj
                0x10000424                async_context_base_add_at_time_worker
 .text.async_context_base_remove_at_time_worker
                0x10000448       0x28 CMakeFiles/test.dir/C_/1_DEV/_PicoSDK/src/rp2_common/pico_async_context/async_context_base.c.obj
                0x10000448                async_context_base_remove_at_time_worker
 .text.async_context_base_add_when_pending_worker
                0x10000470       0x24 CMakeFiles/test.dir/C_/1_DEV/_PicoSDK/src/rp2_common/pico_async_context/async_context_base.c.obj
                0x10000470                async_context_base_add_when_pending_worker
 .text.async_context_base_remove_when_pending_worker
                0x10000494       0x28 CMakeFiles/test.dir/C_/1_DEV/_PicoSDK/src/rp2_common/pico_async_context/async_context_base.c.obj
                0x10000494                async_context_base_remove_when_pending_worker
 .text.async_context_base_execute_once
                0x100004bc      0x108 CMakeFiles/test.dir/C_/1_DEV/_PicoSDK/src/rp2_common/pico_async_context/async_context_base.c.obj
                0x100004bc                async_context_base_execute_once
 .text.running_on_fpga
                0x100005c4       0x10 CMakeFiles/test.dir/C_/1_DEV/_PicoSDK/src/rp2_common/pico_platform/platform.c.obj
                0x100005c4                running_on_fpga
 .text.splitmix64
                0x100005d4       0x58 CMakeFiles/test.dir/C_/1_DEV/_PicoSDK/src/rp2_common/pico_rand/rand.c.obj
 .text.xoroshiro128ss
                0x1000062c       0x90 CMakeFiles/test.dir/C_/1_DEV/_PicoSDK/src/rp2_common/pico_rand/rand.c.obj
 .text.get_rand_64
                0x100006bc      0x4a4 CMakeFiles/test.dir/C_/1_DEV/_PicoSDK/src/rp2_common/pico_rand/rand.c.obj
                0x100006bc                get_rand_64
 .text.get_rand_32
                0x10000b60        0x8 CMakeFiles/test.dir/C_/1_DEV/_PicoSDK/src/rp2_common/pico_rand/rand.c.obj
                0x10000b60                get_rand_32
 .text.startup._retrieve_unique_id_on_boot
                0x10000b68       0x10 CMakeFiles/test.dir/C_/1_DEV/_PicoSDK/src/rp2_common/pico_unique_id/unique_id.c.obj
 .text.pico_get_unique_board_id
                0x10000b78       0x10 CMakeFiles/test.dir/C_/1_DEV/_PicoSDK/src/rp2_common/pico_unique_id/unique_id.c.obj
                0x10000b78                pico_get_unique_board_id
 .text.pico_get_unique_board_id_string
                0x10000b88      0x1a8 CMakeFiles/test.dir/C_/1_DEV/_PicoSDK/src/rp2_common/pico_unique_id/unique_id.c.obj
                0x10000b88                pico_get_unique_board_id_string
 .text.flash_get_unique_id
                0x10000d30       0x3c CMakeFiles/test.dir/C_/1_DEV/_PicoSDK/src/rp2_common/hardware_flash/flash.c.obj
                0x10000d30                flash_get_unique_id
 .text.hw_claim_lock
                0x10000d6c       0x18 CMakeFiles/test.dir/C_/1_DEV/_PicoSDK/src/rp2_common/hardware_claim/claim.c.obj
                0x10000d6c                hw_claim_lock
 .text.hw_claim_unlock
                0x10000d84       0x14 CMakeFiles/test.dir/C_/1_DEV/_PicoSDK/src/rp2_common/hardware_claim/claim.c.obj
                0x10000d84                hw_claim_unlock
 .text.hw_claim_or_assert
                0x10000d98       0x44 CMakeFiles/test.dir/C_/1_DEV/_PicoSDK/src/rp2_common/hardware_claim/claim.c.obj
                0x10000d98                hw_claim_or_assert
 .text.hw_claim_unused_from_range
                0x10000ddc       0x9c CMakeFiles/test.dir/C_/1_DEV/_PicoSDK/src/rp2_common/hardware_claim/claim.c.obj
                0x10000ddc                hw_claim_unused_from_range
 .text.hw_claim_clear
                0x10000e78       0x38 CMakeFiles/test.dir/C_/1_DEV/_PicoSDK/src/rp2_common/hardware_claim/claim.c.obj
                0x10000e78                hw_claim_clear
 .text.spin_locks_reset
                0x10000eb0       0x1c CMakeFiles/test.dir/C_/1_DEV/_PicoSDK/src/rp2_common/hardware_sync/sync.c.obj
                0x10000eb0                spin_locks_reset
 .text.next_striped_spin_lock_num
                0x10000ecc       0x18 CMakeFiles/test.dir/C_/1_DEV/_PicoSDK/src/rp2_common/hardware_sync/sync.c.obj
                0x10000ecc                next_striped_spin_lock_num
 .text.spin_lock_claim_unused
                0x10000ee4       0x24 CMakeFiles/test.dir/C_/1_DEV/_PicoSDK/src/rp2_common/hardware_sync/sync.c.obj
                0x10000ee4                spin_lock_claim_unused
 .text.rom_func_lookup
                0x10000f08       0x10 CMakeFiles/test.dir/C_/1_DEV/_PicoSDK/src/rp2_common/pico_bootrom/bootrom.c.obj
                0x10000f08                rom_func_lookup
 .text.rom_data_lookup
                0x10000f18       0x10 CMakeFiles/test.dir/C_/1_DEV/_PicoSDK/src/rp2_common/pico_bootrom/bootrom.c.obj
                0x10000f18                rom_data_lookup
 .text.rom_funcs_lookup
                0x10000f28       0x44 CMakeFiles/test.dir/C_/1_DEV/_PicoSDK/src/rp2_common/pico_bootrom/bootrom.c.obj
                0x10000f28                rom_funcs_lookup
 .text.clocks_init
                0x10000f6c      0x2c8 CMakeFiles/test.dir/C_/1_DEV/_PicoSDK/src/rp2_common/hardware_clocks/clocks.c.obj
                0x10000f6c                clocks_init
 .text.clock_get_hz
                0x10001234        0xc CMakeFiles/test.dir/C_/1_DEV/_PicoSDK/src/rp2_common/hardware_clocks/clocks.c.obj
                0x10001234                clock_get_hz
 .text.gpio_set_function
                0x10001240       0x30 CMakeFiles/test.dir/C_/1_DEV/_PicoSDK/src/rp2_common/hardware_gpio/gpio.c.obj
                0x10001240                gpio_set_function
 .text.gpio_set_pulls
                0x10001270       0x24 CMakeFiles/test.dir/C_/1_DEV/_PicoSDK/src/rp2_common/hardware_gpio/gpio.c.obj
                0x10001270                gpio_set_pulls
 .text.gpio_set_input_hysteresis_enabled
                0x10001294       0x28 CMakeFiles/test.dir/C_/1_DEV/_PicoSDK/src/rp2_common/hardware_gpio/gpio.c.obj
                0x10001294                gpio_set_input_hysteresis_enabled
 .text.gpio_set_irq_enabled
                0x100012bc       0x54 CMakeFiles/test.dir/C_/1_DEV/_PicoSDK/src/rp2_common/hardware_gpio/gpio.c.obj
                0x100012bc                gpio_set_irq_enabled
 .text.gpio_add_raw_irq_handler_with_order_priority_masked
                0x10001310       0x44 CMakeFiles/test.dir/C_/1_DEV/_PicoSDK/src/rp2_common/hardware_gpio/gpio.c.obj
                0x10001310                gpio_add_raw_irq_handler_with_order_priority_masked
 .text.gpio_remove_raw_irq_handler_masked
                0x10001354       0x20 CMakeFiles/test.dir/C_/1_DEV/_PicoSDK/src/rp2_common/hardware_gpio/gpio.c.obj
                0x10001354                gpio_remove_raw_irq_handler_masked
 .text.gpio_init
                0x10001374       0x3c CMakeFiles/test.dir/C_/1_DEV/_PicoSDK/src/rp2_common/hardware_gpio/gpio.c.obj
                0x10001374                gpio_init
 .text.irq_set_enabled
                0x100013b0       0x24 CMakeFiles/test.dir/C_/1_DEV/_PicoSDK/src/rp2_common/hardware_irq/irq.c.obj
                0x100013b0                irq_set_enabled
 .text.irq_set_pending
                0x100013d4       0x10 CMakeFiles/test.dir/C_/1_DEV/_PicoSDK/src/rp2_common/hardware_irq/irq.c.obj
                0x100013d4                irq_set_pending
 .text.irq_has_shared_handler
                0x100013e4       0x2c CMakeFiles/test.dir/C_/1_DEV/_PicoSDK/src/rp2_common/hardware_irq/irq.c.obj
                0x100013e4                irq_has_shared_handler
 .text.irq_get_vtable_handler
                0x10001410       0x10 CMakeFiles/test.dir/C_/1_DEV/_PicoSDK/src/rp2_common/hardware_irq/irq.c.obj
                0x10001410                irq_get_vtable_handler
 .text.irq_set_exclusive_handler
                0x10001420       0x54 CMakeFiles/test.dir/C_/1_DEV/_PicoSDK/src/rp2_common/hardware_irq/irq.c.obj
                0x10001420                irq_set_exclusive_handler
 .text.irq_add_shared_handler
                0x10001474      0x1f4 CMakeFiles/test.dir/C_/1_DEV/_PicoSDK/src/rp2_common/hardware_irq/irq.c.obj
                0x10001474                irq_add_shared_handler
 .text.irq_remove_handler
                0x10001668      0x1c4 CMakeFiles/test.dir/C_/1_DEV/_PicoSDK/src/rp2_common/hardware_irq/irq.c.obj
                0x10001668                irq_remove_handler
 .text.irq_set_priority
                0x1000182c       0x28 CMakeFiles/test.dir/C_/1_DEV/_PicoSDK/src/rp2_common/hardware_irq/irq.c.obj
                0x1000182c                irq_set_priority
 .text.irq_add_tail_to_free_list
                0x10001854       0xb4 CMakeFiles/test.dir/C_/1_DEV/_PicoSDK/src/rp2_common/hardware_irq/irq.c.obj
                0x10001854                irq_add_tail_to_free_list
 .text.irq_init_priorities
                0x10001908       0x24 CMakeFiles/test.dir/C_/1_DEV/_PicoSDK/src/rp2_common/hardware_irq/irq.c.obj
                0x10001908                irq_init_priorities
 .text.user_irq_unclaim
                0x1000192c       0x14 CMakeFiles/test.dir/C_/1_DEV/_PicoSDK/src/rp2_common/hardware_irq/irq.c.obj
                0x1000192c                user_irq_unclaim
 .text.user_irq_claim_unused
                0x10001940       0x2c CMakeFiles/test.dir/C_/1_DEV/_PicoSDK/src/rp2_common/hardware_irq/irq.c.obj
                0x10001940                user_irq_claim_unused
 .text.sem_init
                0x1000196c       0x20 CMakeFiles/test.dir/C_/1_DEV/_PicoSDK/src/common/pico_sync/sem.c.obj
                0x1000196c                sem_init
 .text.lock_init
                0x1000198c       0x10 CMakeFiles/test.dir/C_/1_DEV/_PicoSDK/src/common/pico_sync/lock_core.c.obj
                0x1000198c                lock_init
 .text.mutex_init
                0x1000199c       0x1c CMakeFiles/test.dir/C_/1_DEV/_PicoSDK/src/common/pico_sync/mutex.c.obj
                0x1000199c                mutex_init
 .text.recursive_mutex_init
                0x100019b8       0x1c CMakeFiles/test.dir/C_/1_DEV/_PicoSDK/src/common/pico_sync/mutex.c.obj
                0x100019b8                recursive_mutex_init
 .text.critical_section_init
                0x100019d4       0x1c CMakeFiles/test.dir/C_/1_DEV/_PicoSDK/src/common/pico_sync/critical_section.c.obj
                0x100019d4                critical_section_init
 .text.critical_section_init_with_lock_num
                0x100019f0       0x14 CMakeFiles/test.dir/C_/1_DEV/_PicoSDK/src/common/pico_sync/critical_section.c.obj
                0x100019f0                critical_section_init_with_lock_num
 .text.timer_pool_entry_comparator
                0x10001a04       0x34 CMakeFiles/test.dir/C_/1_DEV/_PicoSDK/src/common/pico_time/time.c.obj
                0x10001a04                timer_pool_entry_comparator
 .text.sleep_until_callback
                0x10001a38       0x30 CMakeFiles/test.dir/C_/1_DEV/_PicoSDK/src/common/pico_time/time.c.obj
 .text.add_alarm_under_lock.isra.0
                0x10001a68      0x100 CMakeFiles/test.dir/C_/1_DEV/_PicoSDK/src/common/pico_time/time.c.obj
 .text.alarm_pool_alarm_callback
                0x10001b68      0x1c0 CMakeFiles/test.dir/C_/1_DEV/_PicoSDK/src/common/pico_time/time.c.obj
 .text.alarm_pool_init_default
                0x10001d28       0x6c CMakeFiles/test.dir/C_/1_DEV/_PicoSDK/src/common/pico_time/time.c.obj
                0x10001d28                alarm_pool_init_default
 .text.alarm_pool_get_default
                0x10001d94        0x8 CMakeFiles/test.dir/C_/1_DEV/_PicoSDK/src/common/pico_time/time.c.obj
                0x10001d94                alarm_pool_get_default
 .text.alarm_pool_add_alarm_at
                0x10001d9c      0x17c CMakeFiles/test.dir/C_/1_DEV/_PicoSDK/src/common/pico_time/time.c.obj
                0x10001d9c                alarm_pool_add_alarm_at
 .text.alarm_pool_cancel_alarm
                0x10001f18       0x70 CMakeFiles/test.dir/C_/1_DEV/_PicoSDK/src/common/pico_time/time.c.obj
                0x10001f18                alarm_pool_cancel_alarm
 .text.alarm_pool_core_num
                0x10001f88        0x4 CMakeFiles/test.dir/C_/1_DEV/_PicoSDK/src/common/pico_time/time.c.obj
                0x10001f88                alarm_pool_core_num
 .text.sleep_until
                0x10001f8c       0xc4 CMakeFiles/test.dir/C_/1_DEV/_PicoSDK/src/common/pico_time/time.c.obj
                0x10001f8c                sleep_until
 .text.sleep_ms
                0x10002050       0x38 CMakeFiles/test.dir/C_/1_DEV/_PicoSDK/src/common/pico_time/time.c.obj
                0x10002050                sleep_ms
 .text.best_effort_wfe_or_timeout
                0x10002088       0xcc CMakeFiles/test.dir/C_/1_DEV/_PicoSDK/src/common/pico_time/time.c.obj
                0x10002088                best_effort_wfe_or_timeout
 .text.hardware_alarm_irq_handler
                0x10002154       0xbc CMakeFiles/test.dir/C_/1_DEV/_PicoSDK/src/rp2_common/hardware_timer/timer.c.obj
 .text.hardware_alarm_claim
                0x10002210       0x18 CMakeFiles/test.dir/C_/1_DEV/_PicoSDK/src/rp2_common/hardware_timer/timer.c.obj
                0x10002210                hardware_alarm_claim
 .text.time_us_64
                0x10002228       0x14 CMakeFiles/test.dir/C_/1_DEV/_PicoSDK/src/rp2_common/hardware_timer/timer.c.obj
                0x10002228                time_us_64
 .text.busy_wait_us
                0x1000223c       0x68 CMakeFiles/test.dir/C_/1_DEV/_PicoSDK/src/rp2_common/hardware_timer/timer.c.obj
                0x1000223c                busy_wait_us
 .text.busy_wait_until
                0x100022a4       0x20 CMakeFiles/test.dir/C_/1_DEV/_PicoSDK/src/rp2_common/hardware_timer/timer.c.obj
                0x100022a4                busy_wait_until
 .text.hardware_alarm_set_callback
                0x100022c4       0x8c CMakeFiles/test.dir/C_/1_DEV/_PicoSDK/src/rp2_common/hardware_timer/timer.c.obj
                0x100022c4                hardware_alarm_set_callback
 .text.hardware_alarm_set_target
                0x10002350       0xd0 CMakeFiles/test.dir/C_/1_DEV/_PicoSDK/src/rp2_common/hardware_timer/timer.c.obj
                0x10002350                hardware_alarm_set_target
 .text.hardware_alarm_cancel
                0x10002420       0x3c CMakeFiles/test.dir/C_/1_DEV/_PicoSDK/src/rp2_common/hardware_timer/timer.c.obj
                0x10002420                hardware_alarm_cancel
 .text.ph_merge_nodes
                0x1000245c       0x58 CMakeFiles/test.dir/C_/1_DEV/_PicoSDK/src/common/pico_util/pheap.c.obj
 .text.ph_post_alloc_init
                0x100024b4       0x3c CMakeFiles/test.dir/C_/1_DEV/_PicoSDK/src/common/pico_util/pheap.c.obj
                0x100024b4                ph_post_alloc_init
 .text.ph_merge_two_pass
                0x100024f0       0x8c CMakeFiles/test.dir/C_/1_DEV/_PicoSDK/src/common/pico_util/pheap.c.obj
                0x100024f0                ph_merge_two_pass
 .text.ph_remove_any_head
                0x1000257c      0x100 CMakeFiles/test.dir/C_/1_DEV/_PicoSDK/src/common/pico_util/pheap.c.obj
 .text.ph_remove_head
                0x1000267c      0x104 CMakeFiles/test.dir/C_/1_DEV/_PicoSDK/src/common/pico_util/pheap.c.obj
                0x1000267c                ph_remove_head
 .text.ph_remove_and_free_node
                0x10002780       0x78 CMakeFiles/test.dir/C_/1_DEV/_PicoSDK/src/common/pico_util/pheap.c.obj
                0x10002780                ph_remove_and_free_node
 .text.pll_init
                0x100027f8       0xa4 CMakeFiles/test.dir/C_/1_DEV/_PicoSDK/src/rp2_common/hardware_pll/pll.c.obj
                0x100027f8                pll_init
 .text.watchdog_start_tick
                0x1000289c       0x10 CMakeFiles/test.dir/C_/1_DEV/_PicoSDK/src/rp2_common/hardware_watchdog/watchdog.c.obj
                0x1000289c                watchdog_start_tick
 .text.watchdog_reboot
                0x100028ac       0x9c CMakeFiles/test.dir/C_/1_DEV/_PicoSDK/src/rp2_common/hardware_watchdog/watchdog.c.obj
                0x100028ac                watchdog_reboot
 .text.xosc_init
                0x10002948       0x28 CMakeFiles/test.dir/C_/1_DEV/_PicoSDK/src/rp2_common/hardware_xosc/xosc.c.obj
                0x10002948                xosc_init
 .text.lwip_init
                0x10002970       0x24 CMakeFiles/test.dir/C_/1_DEV/_PicoSDK/lib/lwip/src/core/init.c.obj
                0x10002970                lwip_init
 .text.lwip_htons
                0x10002994        0x8 CMakeFiles/test.dir/C_/1_DEV/_PicoSDK/lib/lwip/src/core/def.c.obj
                0x10002994                lwip_htons
 .text.lwip_htonl
                0x1000299c        0x4 CMakeFiles/test.dir/C_/1_DEV/_PicoSDK/lib/lwip/src/core/def.c.obj
                0x1000299c                lwip_htonl
 .text.dns_call_found
                0x100029a0      0x184 CMakeFiles/test.dir/C_/1_DEV/_PicoSDK/lib/lwip/src/core/dns.c.obj
 .text.dns_send.isra.0
                0x10002b24      0x174 CMakeFiles/test.dir/C_/1_DEV/_PicoSDK/lib/lwip/src/core/dns.c.obj
 .text.dns_init
                0x10002c98        0x4 CMakeFiles/test.dir/C_/1_DEV/_PicoSDK/lib/lwip/src/core/dns.c.obj
                0x10002c98                dns_init
 .text.dns_setserver
                0x10002c9c       0x24 CMakeFiles/test.dir/C_/1_DEV/_PicoSDK/lib/lwip/src/core/dns.c.obj
                0x10002c9c                dns_setserver
 .text.dns_tmr  0x10002cc0      0x140 CMakeFiles/test.dir/C_/1_DEV/_PicoSDK/lib/lwip/src/core/dns.c.obj
                0x10002cc0                dns_tmr
 .text.lwip_standard_chksum
                0x10002e00       0xdc CMakeFiles/test.dir/C_/1_DEV/_PicoSDK/lib/lwip/src/core/inet_chksum.c.obj
                0x10002e00                lwip_standard_chksum
 .text.inet_chksum_pseudo
                0x10002edc       0xbc CMakeFiles/test.dir/C_/1_DEV/_PicoSDK/lib/lwip/src/core/inet_chksum.c.obj
                0x10002edc                inet_chksum_pseudo
 .text.ip_chksum_pseudo
                0x10002f98       0x10 CMakeFiles/test.dir/C_/1_DEV/_PicoSDK/lib/lwip/src/core/inet_chksum.c.obj
                0x10002f98                ip_chksum_pseudo
 .text.inet_chksum
                0x10002fa8        0xc CMakeFiles/test.dir/C_/1_DEV/_PicoSDK/lib/lwip/src/core/inet_chksum.c.obj
                0x10002fa8                inet_chksum
 .text.mem_init
                0x10002fb4       0x3c CMakeFiles/test.dir/C_/1_DEV/_PicoSDK/lib/lwip/src/core/mem.c.obj
                0x10002fb4                mem_init
 .text.mem_free
                0x10002ff0      0x130 CMakeFiles/test.dir/C_/1_DEV/_PicoSDK/lib/lwip/src/core/mem.c.obj
                0x10002ff0                mem_free
 .text.mem_trim
                0x10003120      0x104 CMakeFiles/test.dir/C_/1_DEV/_PicoSDK/lib/lwip/src/core/mem.c.obj
                0x10003120                mem_trim
 .text.mem_malloc
                0x10003224      0x124 CMakeFiles/test.dir/C_/1_DEV/_PicoSDK/lib/lwip/src/core/mem.c.obj
                0x10003224                mem_malloc
 .text.memp_init
                0x10003348       0x6c CMakeFiles/test.dir/C_/1_DEV/_PicoSDK/lib/lwip/src/core/memp.c.obj
                0x10003348                memp_init
 .text.memp_malloc
                0x100033b4       0x40 CMakeFiles/test.dir/C_/1_DEV/_PicoSDK/lib/lwip/src/core/memp.c.obj
                0x100033b4                memp_malloc
 .text.memp_free
                0x100033f4       0x38 CMakeFiles/test.dir/C_/1_DEV/_PicoSDK/lib/lwip/src/core/memp.c.obj
                0x100033f4                memp_free
 .text.netif_do_set_ipaddr.isra.0
                0x1000342c       0x60 CMakeFiles/test.dir/C_/1_DEV/_PicoSDK/lib/lwip/src/core/netif.c.obj
 .text.netif_init
                0x1000348c        0x4 CMakeFiles/test.dir/C_/1_DEV/_PicoSDK/lib/lwip/src/core/netif.c.obj
                0x1000348c                netif_init
 .text.netif_set_addr
                0x10003490       0xb4 CMakeFiles/test.dir/C_/1_DEV/_PicoSDK/lib/lwip/src/core/netif.c.obj
                0x10003490                netif_set_addr
 .text.netif_remove
                0x10003544       0x94 CMakeFiles/test.dir/C_/1_DEV/_PicoSDK/lib/lwip/src/core/netif.c.obj
                0x10003544                netif_remove
 .text.netif_set_link_up
                0x100035d8       0x44 CMakeFiles/test.dir/C_/1_DEV/_PicoSDK/lib/lwip/src/core/netif.c.obj
                0x100035d8                netif_set_link_up
 .text.netif_set_link_down
                0x1000361c       0x20 CMakeFiles/test.dir/C_/1_DEV/_PicoSDK/lib/lwip/src/core/netif.c.obj
                0x1000361c                netif_set_link_down
 .text.netif_get_by_index
                0x1000363c       0x2c CMakeFiles/test.dir/C_/1_DEV/_PicoSDK/lib/lwip/src/core/netif.c.obj
                0x1000363c                netif_get_by_index
 .text.pbuf_free.part.0
                0x10003668       0x7c CMakeFiles/test.dir/C_/1_DEV/_PicoSDK/lib/lwip/src/core/pbuf.c.obj
 .text.pbuf_free_ooseq
                0x100036e4       0x34 CMakeFiles/test.dir/C_/1_DEV/_PicoSDK/lib/lwip/src/core/pbuf.c.obj
                0x100036e4                pbuf_free_ooseq
 .text.pbuf_alloc
                0x10003718      0x134 CMakeFiles/test.dir/C_/1_DEV/_PicoSDK/lib/lwip/src/core/pbuf.c.obj
                0x10003718                pbuf_alloc
 .text.pbuf_realloc
                0x1000384c       0x84 CMakeFiles/test.dir/C_/1_DEV/_PicoSDK/lib/lwip/src/core/pbuf.c.obj
                0x1000384c                pbuf_realloc
 .text.pbuf_add_header
                0x100038d0       0x50 CMakeFiles/test.dir/C_/1_DEV/_PicoSDK/lib/lwip/src/core/pbuf.c.obj
                0x100038d0                pbuf_add_header
 .text.pbuf_free
                0x10003920       0x18 CMakeFiles/test.dir/C_/1_DEV/_PicoSDK/lib/lwip/src/core/pbuf.c.obj
                0x10003920                pbuf_free
 .text.pbuf_clen
                0x10003938       0x14 CMakeFiles/test.dir/C_/1_DEV/_PicoSDK/lib/lwip/src/core/pbuf.c.obj
                0x10003938                pbuf_clen
 .text.pbuf_chain
                0x1000394c       0x64 CMakeFiles/test.dir/C_/1_DEV/_PicoSDK/lib/lwip/src/core/pbuf.c.obj
                0x1000394c                pbuf_chain
 .text.pbuf_copy_partial_pbuf
                0x100039b0      0x148 CMakeFiles/test.dir/C_/1_DEV/_PicoSDK/lib/lwip/src/core/pbuf.c.obj
                0x100039b0                pbuf_copy_partial_pbuf
 .text.pbuf_copy_partial
                0x10003af8       0x68 CMakeFiles/test.dir/C_/1_DEV/_PicoSDK/lib/lwip/src/core/pbuf.c.obj
                0x10003af8                pbuf_copy_partial
 .text.pbuf_take
                0x10003b60       0x78 CMakeFiles/test.dir/C_/1_DEV/_PicoSDK/lib/lwip/src/core/pbuf.c.obj
                0x10003b60                pbuf_take
 .text.pbuf_take_at
                0x10003bd8       0xcc CMakeFiles/test.dir/C_/1_DEV/_PicoSDK/lib/lwip/src/core/pbuf.c.obj
                0x10003bd8                pbuf_take_at
 .text.pbuf_put_at
                0x10003ca4       0x1c CMakeFiles/test.dir/C_/1_DEV/_PicoSDK/lib/lwip/src/core/pbuf.c.obj
                0x10003ca4                pbuf_put_at
 .text.raw_netif_ip_addr_changed
                0x10003cc0       0x40 CMakeFiles/test.dir/C_/1_DEV/_PicoSDK/lib/lwip/src/core/raw.c.obj
                0x10003cc0                raw_netif_ip_addr_changed
 .text.stats_init
                0x10003d00        0x4 CMakeFiles/test.dir/C_/1_DEV/_PicoSDK/lib/lwip/src/core/stats.c.obj
                0x10003d00                stats_init
 .text.tcp_close_shutdown_fin
                0x10003d04       0x54 CMakeFiles/test.dir/C_/1_DEV/_PicoSDK/lib/lwip/src/core/tcp.c.obj
 .text.tcp_pcb_purge.part.0
                0x10003d58       0xc4 CMakeFiles/test.dir/C_/1_DEV/_PicoSDK/lib/lwip/src/core/tcp.c.obj
 .text.tcp_init
                0x10003e1c       0x20 CMakeFiles/test.dir/C_/1_DEV/_PicoSDK/lib/lwip/src/core/tcp.c.obj
                0x10003e1c                tcp_init
 .text.tcp_recved
                0x10003e3c       0x98 CMakeFiles/test.dir/C_/1_DEV/_PicoSDK/lib/lwip/src/core/tcp.c.obj
                0x10003e3c                tcp_recved
 .text.tcp_slowtmr
                0x10003ed4      0x524 CMakeFiles/test.dir/C_/1_DEV/_PicoSDK/lib/lwip/src/core/tcp.c.obj
                0x10003ed4                tcp_slowtmr
 .text.tcp_seg_free
                0x100043f8       0x1c CMakeFiles/test.dir/C_/1_DEV/_PicoSDK/lib/lwip/src/core/tcp.c.obj
                0x100043f8                tcp_seg_free
 .text.tcp_pcb_remove
                0x10004414       0xc8 CMakeFiles/test.dir/C_/1_DEV/_PicoSDK/lib/lwip/src/core/tcp.c.obj
                0x10004414                tcp_pcb_remove
 .text.tcp_abandon
                0x100044dc      0x1a0 CMakeFiles/test.dir/C_/1_DEV/_PicoSDK/lib/lwip/src/core/tcp.c.obj
                0x100044dc                tcp_abandon
 .text.tcp_process_refused_data
                0x1000467c       0x78 CMakeFiles/test.dir/C_/1_DEV/_PicoSDK/lib/lwip/src/core/tcp.c.obj
                0x1000467c                tcp_process_refused_data
 .text.tcp_fasttmr
                0x100046f4       0x98 CMakeFiles/test.dir/C_/1_DEV/_PicoSDK/lib/lwip/src/core/tcp.c.obj
                0x100046f4                tcp_fasttmr
 .text.tcp_tmr  0x1000478c       0x20 CMakeFiles/test.dir/C_/1_DEV/_PicoSDK/lib/lwip/src/core/tcp.c.obj
                0x1000478c                tcp_tmr
 .text.tcp_eff_send_mss_netif
                0x100047ac       0x34 CMakeFiles/test.dir/C_/1_DEV/_PicoSDK/lib/lwip/src/core/tcp.c.obj
                0x100047ac                tcp_eff_send_mss_netif
 .text.tcp_netif_ip_addr_changed
                0x100047e0       0x94 CMakeFiles/test.dir/C_/1_DEV/_PicoSDK/lib/lwip/src/core/tcp.c.obj
                0x100047e0                tcp_netif_ip_addr_changed
 .text.tcp_free_ooseq
                0x10004874       0x40 CMakeFiles/test.dir/C_/1_DEV/_PicoSDK/lib/lwip/src/core/tcp.c.obj
                0x10004874                tcp_free_ooseq
 .text.tcp_create_segment
                0x100048b4       0xf8 CMakeFiles/test.dir/C_/1_DEV/_PicoSDK/lib/lwip/src/core/tcp_out.c.obj
 .text.tcp_output_control_segment
                0x100049ac       0xc0 CMakeFiles/test.dir/C_/1_DEV/_PicoSDK/lib/lwip/src/core/tcp_out.c.obj
 .text.tcp_output_alloc_header.constprop.0
                0x10004a6c       0xc8 CMakeFiles/test.dir/C_/1_DEV/_PicoSDK/lib/lwip/src/core/tcp_out.c.obj
 .text.tcp_split_unsent_seg
                0x10004b34      0x1b4 CMakeFiles/test.dir/C_/1_DEV/_PicoSDK/lib/lwip/src/core/tcp_out.c.obj
                0x10004b34                tcp_split_unsent_seg
 .text.tcp_send_fin
                0x10004ce8      0x118 CMakeFiles/test.dir/C_/1_DEV/_PicoSDK/lib/lwip/src/core/tcp_out.c.obj
                0x10004ce8                tcp_send_fin
 .text.tcp_rexmit_rto_prepare
                0x10004e00       0x9c CMakeFiles/test.dir/C_/1_DEV/_PicoSDK/lib/lwip/src/core/tcp_out.c.obj
                0x10004e00                tcp_rexmit_rto_prepare
 .text.tcp_rst  0x10004e9c       0xe8 CMakeFiles/test.dir/C_/1_DEV/_PicoSDK/lib/lwip/src/core/tcp_out.c.obj
                0x10004e9c                tcp_rst
 .text.tcp_send_empty_ack
                0x10004f84       0x4c CMakeFiles/test.dir/C_/1_DEV/_PicoSDK/lib/lwip/src/core/tcp_out.c.obj
                0x10004f84                tcp_send_empty_ack
 .text.tcp_output
                0x10004fd0      0x454 CMakeFiles/test.dir/C_/1_DEV/_PicoSDK/lib/lwip/src/core/tcp_out.c.obj
                0x10004fd0                tcp_output
 .text.tcp_rexmit_rto_commit
                0x10005424       0x24 CMakeFiles/test.dir/C_/1_DEV/_PicoSDK/lib/lwip/src/core/tcp_out.c.obj
                0x10005424                tcp_rexmit_rto_commit
 .text.tcp_keepalive
                0x10005448       0xdc CMakeFiles/test.dir/C_/1_DEV/_PicoSDK/lib/lwip/src/core/tcp_out.c.obj
                0x10005448                tcp_keepalive
 .text.tcp_zero_window_probe
                0x10005524      0x110 CMakeFiles/test.dir/C_/1_DEV/_PicoSDK/lib/lwip/src/core/tcp_out.c.obj
                0x10005524                tcp_zero_window_probe
 .text.lwip_cyclic_timer
                0x10005634       0x98 CMakeFiles/test.dir/C_/1_DEV/_PicoSDK/lib/lwip/src/core/timeouts.c.obj
 .text.sys_timeouts_init
                0x100056cc       0x8c CMakeFiles/test.dir/C_/1_DEV/_PicoSDK/lib/lwip/src/core/timeouts.c.obj
                0x100056cc                sys_timeouts_init
 .text.sys_check_timeouts
                0x10005758       0x68 CMakeFiles/test.dir/C_/1_DEV/_PicoSDK/lib/lwip/src/core/timeouts.c.obj
                0x10005758                sys_check_timeouts
 .text.sys_timeouts_sleeptime
                0x100057c0       0x28 CMakeFiles/test.dir/C_/1_DEV/_PicoSDK/lib/lwip/src/core/timeouts.c.obj
                0x100057c0                sys_timeouts_sleeptime
 .text.udp_init
                0x100057e8       0x20 CMakeFiles/test.dir/C_/1_DEV/_PicoSDK/lib/lwip/src/core/udp.c.obj
                0x100057e8                udp_init
 .text.udp_bind
                0x10005808      0x118 CMakeFiles/test.dir/C_/1_DEV/_PicoSDK/lib/lwip/src/core/udp.c.obj
                0x10005808                udp_bind
 .text.udp_sendto_if_src
                0x10005920      0x130 CMakeFiles/test.dir/C_/1_DEV/_PicoSDK/lib/lwip/src/core/udp.c.obj
                0x10005920                udp_sendto_if_src
 .text.udp_sendto_if
                0x10005a50       0x48 CMakeFiles/test.dir/C_/1_DEV/_PicoSDK/lib/lwip/src/core/udp.c.obj
                0x10005a50                udp_sendto_if
 .text.udp_sendto
                0x10005a98       0x78 CMakeFiles/test.dir/C_/1_DEV/_PicoSDK/lib/lwip/src/core/udp.c.obj
                0x10005a98                udp_sendto
 .text.udp_connect
                0x10005b10       0x60 CMakeFiles/test.dir/C_/1_DEV/_PicoSDK/lib/lwip/src/core/udp.c.obj
                0x10005b10                udp_connect
 .text.udp_recv
                0x10005b70        0xc CMakeFiles/test.dir/C_/1_DEV/_PicoSDK/lib/lwip/src/core/udp.c.obj
                0x10005b70                udp_recv
 .text.udp_remove
                0x10005b7c       0x3c CMakeFiles/test.dir/C_/1_DEV/_PicoSDK/lib/lwip/src/core/udp.c.obj
                0x10005b7c                udp_remove
 .text.udp_new  0x10005bb8       0x1c CMakeFiles/test.dir/C_/1_DEV/_PicoSDK/lib/lwip/src/core/udp.c.obj
                0x10005bb8                udp_new
 .text.udp_netif_ip_addr_changed
                0x10005bd4       0x40 CMakeFiles/test.dir/C_/1_DEV/_PicoSDK/lib/lwip/src/core/udp.c.obj
                0x10005bd4                udp_netif_ip_addr_changed
 .text.dhcp_create_msg
                0x10005c14      0x164 CMakeFiles/test.dir/C_/1_DEV/_PicoSDK/lib/lwip/src/core/ipv4/dhcp.c.obj
 .text.dhcp_inc_pcb_refcount
                0x10005d78       0x6c CMakeFiles/test.dir/C_/1_DEV/_PicoSDK/lib/lwip/src/core/ipv4/dhcp.c.obj
 .text.dhcp_bind
                0x10005de4      0x154 CMakeFiles/test.dir/C_/1_DEV/_PicoSDK/lib/lwip/src/core/ipv4/dhcp.c.obj
 .text.dhcp_option_hostname.isra.0
                0x10005f38       0x84 CMakeFiles/test.dir/C_/1_DEV/_PicoSDK/lib/lwip/src/core/ipv4/dhcp.c.obj
 .text.dhcp_handle_ack.isra.0
                0x10005fbc       0xcc CMakeFiles/test.dir/C_/1_DEV/_PicoSDK/lib/lwip/src/core/ipv4/dhcp.c.obj
 .text.dhcp_reboot.isra.0
                0x10006088      0x178 CMakeFiles/test.dir/C_/1_DEV/_PicoSDK/lib/lwip/src/core/ipv4/dhcp.c.obj
 .text.dhcp_discover
                0x10006200      0x140 CMakeFiles/test.dir/C_/1_DEV/_PicoSDK/lib/lwip/src/core/ipv4/dhcp.c.obj
 .text.dhcp_select.isra.0
                0x10006340      0x1e0 CMakeFiles/test.dir/C_/1_DEV/_PicoSDK/lib/lwip/src/core/ipv4/dhcp.c.obj
 .text.dhcp_recv
                0x10006520      0x47c CMakeFiles/test.dir/C_/1_DEV/_PicoSDK/lib/lwip/src/core/ipv4/dhcp.c.obj
 .text.dhcp_network_changed_link_up
                0x1000699c       0x40 CMakeFiles/test.dir/C_/1_DEV/_PicoSDK/lib/lwip/src/core/ipv4/dhcp.c.obj
                0x1000699c                dhcp_network_changed_link_up
 .text.dhcp_renew
                0x100069dc      0x138 CMakeFiles/test.dir/C_/1_DEV/_PicoSDK/lib/lwip/src/core/ipv4/dhcp.c.obj
                0x100069dc                dhcp_renew
 .text.dhcp_release_and_stop
                0x10006b14      0x158 CMakeFiles/test.dir/C_/1_DEV/_PicoSDK/lib/lwip/src/core/ipv4/dhcp.c.obj
                0x10006b14                dhcp_release_and_stop
 .text.dhcp_start
                0x10006c6c       0xb0 CMakeFiles/test.dir/C_/1_DEV/_PicoSDK/lib/lwip/src/core/ipv4/dhcp.c.obj
                0x10006c6c                dhcp_start
 .text.dhcp_coarse_tmr
                0x10006d1c      0x1d8 CMakeFiles/test.dir/C_/1_DEV/_PicoSDK/lib/lwip/src/core/ipv4/dhcp.c.obj
                0x10006d1c                dhcp_coarse_tmr
 .text.dhcp_fine_tmr
                0x10006ef4       0x78 CMakeFiles/test.dir/C_/1_DEV/_PicoSDK/lib/lwip/src/core/ipv4/dhcp.c.obj
                0x10006ef4                dhcp_fine_tmr
 .text.dhcp_stop
                0x10006f6c      0x158 CMakeFiles/test.dir/C_/1_DEV/_PicoSDK/lib/lwip/src/core/ipv4/dhcp.c.obj
                0x10006f6c                dhcp_stop
 .text.etharp_raw
                0x100070c4       0xec CMakeFiles/test.dir/C_/1_DEV/_PicoSDK/lib/lwip/src/core/ipv4/etharp.c.obj
 .text.etharp_tmr
                0x100071b0       0x94 CMakeFiles/test.dir/C_/1_DEV/_PicoSDK/lib/lwip/src/core/ipv4/etharp.c.obj
                0x100071b0                etharp_tmr
 .text.etharp_cleanup_netif
                0x10007244      0x188 CMakeFiles/test.dir/C_/1_DEV/_PicoSDK/lib/lwip/src/core/ipv4/etharp.c.obj
                0x10007244                etharp_cleanup_netif
 .text.etharp_request
                0x100073cc       0x2c CMakeFiles/test.dir/C_/1_DEV/_PicoSDK/lib/lwip/src/core/ipv4/etharp.c.obj
                0x100073cc                etharp_request
 .text.icmp_time_exceeded
                0x100073f8       0xcc CMakeFiles/test.dir/C_/1_DEV/_PicoSDK/lib/lwip/src/core/ipv4/icmp.c.obj
                0x100073f8                icmp_time_exceeded
 .text.ip_reass_free_complete_datagram
                0x100074c4      0x11c CMakeFiles/test.dir/C_/1_DEV/_PicoSDK/lib/lwip/src/core/ipv4/ip4_frag.c.obj
 .text.ip_reass_tmr
                0x100075e0       0x30 CMakeFiles/test.dir/C_/1_DEV/_PicoSDK/lib/lwip/src/core/ipv4/ip4_frag.c.obj
                0x100075e0                ip_reass_tmr
 .text.ip4_frag
                0x10007610      0x254 CMakeFiles/test.dir/C_/1_DEV/_PicoSDK/lib/lwip/src/core/ipv4/ip4_frag.c.obj
                0x10007610                ip4_frag
 .text.ip4_route
                0x10007864       0x7c CMakeFiles/test.dir/C_/1_DEV/_PicoSDK/lib/lwip/src/core/ipv4/ip4.c.obj
                0x10007864                ip4_route
 .text.ip4_output_if
                0x100078e0      0x190 CMakeFiles/test.dir/C_/1_DEV/_PicoSDK/lib/lwip/src/core/ipv4/ip4.c.obj
                0x100078e0                ip4_output_if
 .text.ip4_output_if_src
                0x10007a70      0x184 CMakeFiles/test.dir/C_/1_DEV/_PicoSDK/lib/lwip/src/core/ipv4/ip4.c.obj
                0x10007a70                ip4_output_if_src
 .text.ethernet_output
                0x10007bf4       0x6c CMakeFiles/test.dir/C_/1_DEV/_PicoSDK/lib/lwip/src/netif/ethernet.c.obj
                0x10007bf4                ethernet_output
 .text.cyw43_arch_set_async_context
                0x10007c60        0xc CMakeFiles/test.dir/C_/1_DEV/_PicoSDK/src/rp2_common/pico_cyw43_arch/cyw43_arch.c.obj
                0x10007c60                cyw43_arch_set_async_context
 .text.cyw43_arch_gpio_put
                0x10007c6c       0x14 CMakeFiles/test.dir/C_/1_DEV/_PicoSDK/src/rp2_common/pico_cyw43_arch/cyw43_arch.c.obj
                0x10007c6c                cyw43_arch_gpio_put
 .text.cyw43_arch_async_context
                0x10007c80        0xc CMakeFiles/test.dir/C_/1_DEV/_PicoSDK/src/rp2_common/pico_cyw43_arch/cyw43_arch.c.obj
                0x10007c80                cyw43_arch_async_context
 .text.cyw43_arch_init
                0x10007c8c       0x74 CMakeFiles/test.dir/C_/1_DEV/_PicoSDK/src/rp2_common/pico_cyw43_arch/cyw43_arch_threadsafe_background.c.obj
                0x10007c8c                cyw43_arch_init
 .text.ns_delay.constprop.0
                0x10007d00       0x20 CMakeFiles/test.dir/C_/1_DEV/_PicoSDK/src/rp2_common/pico_cyw43_driver/cyw43_bus_pio_spi.c.obj
 .text.cyw43_spi_deinit
                0x10007d20       0x7c CMakeFiles/test.dir/C_/1_DEV/_PicoSDK/src/rp2_common/pico_cyw43_driver/cyw43_bus_pio_spi.c.obj
                0x10007d20                cyw43_spi_deinit
 .text.cyw43_spi_init
                0x10007d9c      0x14c CMakeFiles/test.dir/C_/1_DEV/_PicoSDK/src/rp2_common/pico_cyw43_driver/cyw43_bus_pio_spi.c.obj
                0x10007d9c                cyw43_spi_init
 .text.cyw43_spi_transfer
                0x10007ee8      0x3e0 CMakeFiles/test.dir/C_/1_DEV/_PicoSDK/src/rp2_common/pico_cyw43_driver/cyw43_bus_pio_spi.c.obj
                0x10007ee8                cyw43_spi_transfer
 .text.cyw43_spi_gpio_setup
                0x100082c8       0x3c CMakeFiles/test.dir/C_/1_DEV/_PicoSDK/src/rp2_common/pico_cyw43_driver/cyw43_bus_pio_spi.c.obj
                0x100082c8                cyw43_spi_gpio_setup
 .text.cyw43_spi_reset
                0x10008304       0x28 CMakeFiles/test.dir/C_/1_DEV/_PicoSDK/src/rp2_common/pico_cyw43_driver/cyw43_bus_pio_spi.c.obj
                0x10008304                cyw43_spi_reset
 .text.read_reg_u32_swap
                0x1000832c       0x3c CMakeFiles/test.dir/C_/1_DEV/_PicoSDK/src/rp2_common/pico_cyw43_driver/cyw43_bus_pio_spi.c.obj
                0x1000832c                read_reg_u32_swap
 .text.cyw43_read_reg_u32
                0x10008368       0x50 CMakeFiles/test.dir/C_/1_DEV/_PicoSDK/src/rp2_common/pico_cyw43_driver/cyw43_bus_pio_spi.c.obj
                0x10008368                cyw43_read_reg_u32
 .text.cyw43_read_reg_u16
                0x100083b8       0x50 CMakeFiles/test.dir/C_/1_DEV/_PicoSDK/src/rp2_common/pico_cyw43_driver/cyw43_bus_pio_spi.c.obj
                0x100083b8                cyw43_read_reg_u16
 .text.cyw43_read_reg_u8
                0x10008408       0x50 CMakeFiles/test.dir/C_/1_DEV/_PicoSDK/src/rp2_common/pico_cyw43_driver/cyw43_bus_pio_spi.c.obj
                0x10008408                cyw43_read_reg_u8
 .text.write_reg_u32_swap
                0x10008458      0x1e8 CMakeFiles/test.dir/C_/1_DEV/_PicoSDK/src/rp2_common/pico_cyw43_driver/cyw43_bus_pio_spi.c.obj
                0x10008458                write_reg_u32_swap
 .text.cyw43_write_reg_u32
                0x10008640      0x208 CMakeFiles/test.dir/C_/1_DEV/_PicoSDK/src/rp2_common/pico_cyw43_driver/cyw43_bus_pio_spi.c.obj
                0x10008640                cyw43_write_reg_u32
 .text.cyw43_write_reg_u16
                0x10008848      0x208 CMakeFiles/test.dir/C_/1_DEV/_PicoSDK/src/rp2_common/pico_cyw43_driver/cyw43_bus_pio_spi.c.obj
                0x10008848                cyw43_write_reg_u16
 .text.cyw43_write_reg_u8
                0x10008a50      0x208 CMakeFiles/test.dir/C_/1_DEV/_PicoSDK/src/rp2_common/pico_cyw43_driver/cyw43_bus_pio_spi.c.obj
                0x10008a50                cyw43_write_reg_u8
 .text.cyw43_read_bytes
                0x10008c58       0x78 CMakeFiles/test.dir/C_/1_DEV/_PicoSDK/src/rp2_common/pico_cyw43_driver/cyw43_bus_pio_spi.c.obj
                0x10008c58                cyw43_read_bytes
 .text.cyw43_write_bytes
                0x10008cd0       0xc0 CMakeFiles/test.dir/C_/1_DEV/_PicoSDK/src/rp2_common/pico_cyw43_driver/cyw43_bus_pio_spi.c.obj
                0x10008cd0                cyw43_write_bytes
 .text.cyw43_set_backplane_window
                0x10008d90       0x68 CMakeFiles/test.dir/C_/1_DEV/_PicoSDK/lib/cyw43-driver/src/cyw43_ll.c.obj
 .text.cyw43_ll_parse_async_event
                0x10008df8      0x134 CMakeFiles/test.dir/C_/1_DEV/_PicoSDK/lib/cyw43-driver/src/cyw43_ll.c.obj
 .text.cyw43_kso_set
                0x10008f2c       0x80 CMakeFiles/test.dir/C_/1_DEV/_PicoSDK/lib/cyw43-driver/src/cyw43_ll.c.obj
 .text.cyw43_ll_sdpcm_poll_device
                0x10008fac      0x238 CMakeFiles/test.dir/C_/1_DEV/_PicoSDK/lib/cyw43-driver/src/cyw43_ll.c.obj
 .text.cyw43_sdpcm_send_common
                0x100091e4       0xf4 CMakeFiles/test.dir/C_/1_DEV/_PicoSDK/lib/cyw43-driver/src/cyw43_ll.c.obj
 .text.cyw43_do_ioctl
                0x100092d8      0x110 CMakeFiles/test.dir/C_/1_DEV/_PicoSDK/lib/cyw43-driver/src/cyw43_ll.c.obj
 .text.cyw43_do_ioctl.constprop.0
                0x100093e8      0x108 CMakeFiles/test.dir/C_/1_DEV/_PicoSDK/lib/cyw43-driver/src/cyw43_ll.c.obj
 .text.cyw43_read_backplane.constprop.0
                0x100094f0       0xe4 CMakeFiles/test.dir/C_/1_DEV/_PicoSDK/lib/cyw43-driver/src/cyw43_ll.c.obj
 .text.reset_device_core.constprop.0
                0x100095d4      0x410 CMakeFiles/test.dir/C_/1_DEV/_PicoSDK/lib/cyw43-driver/src/cyw43_ll.c.obj
 .text.cyw43_ll_init
                0x100099e4       0x1c CMakeFiles/test.dir/C_/1_DEV/_PicoSDK/lib/cyw43-driver/src/cyw43_ll.c.obj
                0x100099e4                cyw43_ll_init
 .text.cyw43_ll_deinit
                0x10009a00        0x8 CMakeFiles/test.dir/C_/1_DEV/_PicoSDK/lib/cyw43-driver/src/cyw43_ll.c.obj
                0x10009a00                cyw43_ll_deinit
 .text.cyw43_ll_process_packets
                0x10009a08       0x54 CMakeFiles/test.dir/C_/1_DEV/_PicoSDK/lib/cyw43-driver/src/cyw43_ll.c.obj
                0x10009a08                cyw43_ll_process_packets
 .text.cyw43_ll_ioctl
                0x10009a5c       0x20 CMakeFiles/test.dir/C_/1_DEV/_PicoSDK/lib/cyw43-driver/src/cyw43_ll.c.obj
                0x10009a5c                cyw43_ll_ioctl
 .text.cyw43_ll_bus_sleep
                0x10009a7c       0x34 CMakeFiles/test.dir/C_/1_DEV/_PicoSDK/lib/cyw43-driver/src/cyw43_ll.c.obj
                0x10009a7c                cyw43_ll_bus_sleep
 .text.cyw43_ll_bus_init
                0x10009ab0      0xb6c CMakeFiles/test.dir/C_/1_DEV/_PicoSDK/lib/cyw43-driver/src/cyw43_ll.c.obj
                0x10009ab0                cyw43_ll_bus_init
 .text.cyw43_ll_wifi_get_mac
                0x1000a61c       0x40 CMakeFiles/test.dir/C_/1_DEV/_PicoSDK/lib/cyw43-driver/src/cyw43_ll.c.obj
                0x1000a61c                cyw43_ll_wifi_get_mac
 .text.cyw43_ll_wifi_set_wpa_auth
                0x1000a65c       0x2c CMakeFiles/test.dir/C_/1_DEV/_PicoSDK/lib/cyw43-driver/src/cyw43_ll.c.obj
                0x1000a65c                cyw43_ll_wifi_set_wpa_auth
 .text.cyw43_ll_wifi_rejoin
                0x1000a688       0x1c CMakeFiles/test.dir/C_/1_DEV/_PicoSDK/lib/cyw43-driver/src/cyw43_ll.c.obj
                0x1000a688                cyw43_ll_wifi_rejoin
 .text.cyw43_ll_gpio_set
                0x1000a6a4       0x68 CMakeFiles/test.dir/C_/1_DEV/_PicoSDK/lib/cyw43-driver/src/cyw43_ll.c.obj
                0x1000a6a4                cyw43_ll_gpio_set
 .text.cyw43_ll_has_work
                0x1000a70c       0x14 CMakeFiles/test.dir/C_/1_DEV/_PicoSDK/lib/cyw43-driver/src/cyw43_ll.c.obj
                0x1000a70c                cyw43_ll_has_work
 .text.cyw43_cb_tcpip_deinit
                0x1000a720       0x4c CMakeFiles/test.dir/C_/1_DEV/_PicoSDK/lib/cyw43-driver/src/cyw43_lwip.c.obj
                0x1000a720                cyw43_cb_tcpip_deinit
 .text.cyw43_cb_process_ethernet
                0x1000a76c       0x6c CMakeFiles/test.dir/C_/1_DEV/_PicoSDK/lib/cyw43-driver/src/cyw43_lwip.c.obj
                0x1000a76c                cyw43_cb_process_ethernet
 .text.cyw43_cb_tcpip_set_link_up
                0x1000a7d8       0x18 CMakeFiles/test.dir/C_/1_DEV/_PicoSDK/lib/cyw43-driver/src/cyw43_lwip.c.obj
                0x1000a7d8                cyw43_cb_tcpip_set_link_up
 .text.cyw43_cb_tcpip_set_link_down
                0x1000a7f0       0x18 CMakeFiles/test.dir/C_/1_DEV/_PicoSDK/lib/cyw43-driver/src/cyw43_lwip.c.obj
                0x1000a7f0                cyw43_cb_tcpip_set_link_down
 .text.cyw43_poll_func
                0x1000a808       0xc0 CMakeFiles/test.dir/C_/1_DEV/_PicoSDK/lib/cyw43-driver/src/cyw43_ctrl.c.obj
 .text.cyw43_init
                0x1000a8c8       0x6c CMakeFiles/test.dir/C_/1_DEV/_PicoSDK/lib/cyw43-driver/src/cyw43_ctrl.c.obj
                0x1000a8c8                cyw43_init
 .text.cyw43_deinit
                0x1000a934       0x90 CMakeFiles/test.dir/C_/1_DEV/_PicoSDK/lib/cyw43-driver/src/cyw43_ctrl.c.obj
                0x1000a934                cyw43_deinit
 .text.cyw43_cb_read_host_interrupt_pin
                0x1000a9c4        0xc CMakeFiles/test.dir/C_/1_DEV/_PicoSDK/lib/cyw43-driver/src/cyw43_ctrl.c.obj
                0x1000a9c4                cyw43_cb_read_host_interrupt_pin
 .text.cyw43_cb_ensure_awake
                0x1000a9d0        0xc CMakeFiles/test.dir/C_/1_DEV/_PicoSDK/lib/cyw43-driver/src/cyw43_ctrl.c.obj
                0x1000a9d0                cyw43_cb_ensure_awake
 .text.cyw43_cb_process_async_event
                0x1000a9dc      0x214 CMakeFiles/test.dir/C_/1_DEV/_PicoSDK/lib/cyw43-driver/src/cyw43_ctrl.c.obj
                0x1000a9dc                cyw43_cb_process_async_event
 .text.cyw43_gpio_set
                0x1000abf0       0xa0 CMakeFiles/test.dir/C_/1_DEV/_PicoSDK/lib/cyw43-driver/src/cyw43_ctrl.c.obj
                0x1000abf0                cyw43_gpio_set
 .text.pio_sm_unclaim
                0x1000ac90       0x20 CMakeFiles/test.dir/C_/1_DEV/_PicoSDK/src/rp2_common/hardware_pio/pio.c.obj
                0x1000ac90                pio_sm_unclaim
 .text.pio_claim_unused_sm
                0x1000acb0       0x3c CMakeFiles/test.dir/C_/1_DEV/_PicoSDK/src/rp2_common/hardware_pio/pio.c.obj
                0x1000acb0                pio_claim_unused_sm
 .text.pio_can_add_program
                0x1000acec       0x68 CMakeFiles/test.dir/C_/1_DEV/_PicoSDK/src/rp2_common/hardware_pio/pio.c.obj
                0x1000acec                pio_can_add_program
 .text.pio_add_program
                0x1000ad54       0xf0 CMakeFiles/test.dir/C_/1_DEV/_PicoSDK/src/rp2_common/hardware_pio/pio.c.obj
                0x1000ad54                pio_add_program
 .text.pio_remove_program
                0x1000ae44       0x34 CMakeFiles/test.dir/C_/1_DEV/_PicoSDK/src/rp2_common/hardware_pio/pio.c.obj
                0x1000ae44                pio_remove_program
 .text.pio_sm_set_pindirs_with_mask
                0x1000ae78       0xa8 CMakeFiles/test.dir/C_/1_DEV/_PicoSDK/src/rp2_common/hardware_pio/pio.c.obj
                0x1000ae78                pio_sm_set_pindirs_with_mask
 .text.pio_sm_set_consecutive_pindirs
                0x1000af20       0xa8 CMakeFiles/test.dir/C_/1_DEV/_PicoSDK/src/rp2_common/hardware_pio/pio.c.obj
                0x1000af20                pio_sm_set_consecutive_pindirs
 .text.dma_channel_unclaim
                0x1000afc8       0x14 CMakeFiles/test.dir/C_/1_DEV/_PicoSDK/src/rp2_common/hardware_dma/dma.c.obj
                0x1000afc8                dma_channel_unclaim
 .text.dma_claim_unused_channel
                0x1000afdc       0x24 CMakeFiles/test.dir/C_/1_DEV/_PicoSDK/src/rp2_common/hardware_dma/dma.c.obj
                0x1000afdc                dma_claim_unused_channel
 .text.dma_channel_cleanup
                0x1000b000       0x60 CMakeFiles/test.dir/C_/1_DEV/_PicoSDK/src/rp2_common/hardware_dma/dma.c.obj
                0x1000b000                dma_channel_cleanup
 .text.cyw43_sleep_timeout_reached
                0x1000b060       0x10 CMakeFiles/test.dir/C_/1_DEV/_PicoSDK/src/rp2_common/pico_cyw43_driver/cyw43_driver.c.obj
 .text.cyw43_irq_init
                0x1000b070       0x28 CMakeFiles/test.dir/C_/1_DEV/_PicoSDK/src/rp2_common/pico_cyw43_driver/cyw43_driver.c.obj
                0x1000b070                cyw43_irq_init
 .text.cyw43_irq_deinit
                0x1000b098       0x20 CMakeFiles/test.dir/C_/1_DEV/_PicoSDK/src/rp2_common/pico_cyw43_driver/cyw43_driver.c.obj
                0x1000b098                cyw43_irq_deinit
 .text.cyw43_gpio_irq_handler
                0x1000b0b8       0x44 CMakeFiles/test.dir/C_/1_DEV/_PicoSDK/src/rp2_common/pico_cyw43_driver/cyw43_driver.c.obj
 .text.cyw43_do_poll
                0x1000b0fc       0x70 CMakeFiles/test.dir/C_/1_DEV/_PicoSDK/src/rp2_common/pico_cyw43_driver/cyw43_driver.c.obj
 .text.cyw43_post_poll_hook
                0x1000b16c       0x10 CMakeFiles/test.dir/C_/1_DEV/_PicoSDK/src/rp2_common/pico_cyw43_driver/cyw43_driver.c.obj
                0x1000b16c                cyw43_post_poll_hook
 .text.cyw43_schedule_internal_poll_dispatch
                0x1000b17c       0x18 CMakeFiles/test.dir/C_/1_DEV/_PicoSDK/src/rp2_common/pico_cyw43_driver/cyw43_driver.c.obj
                0x1000b17c                cyw43_schedule_internal_poll_dispatch
 .text.cyw43_driver_init
                0x1000b194       0x38 CMakeFiles/test.dir/C_/1_DEV/_PicoSDK/src/rp2_common/pico_cyw43_driver/cyw43_driver.c.obj
                0x1000b194                cyw43_driver_init
 .text.cyw43_driver_deinit
                0x1000b1cc       0x44 CMakeFiles/test.dir/C_/1_DEV/_PicoSDK/src/rp2_common/pico_cyw43_driver/cyw43_driver.c.obj
                0x1000b1cc                cyw43_driver_deinit
 .text.cyw43_hal_generate_laa_mac
                0x1000b210       0x28 CMakeFiles/test.dir/C_/1_DEV/_PicoSDK/src/rp2_common/pico_cyw43_driver/cyw43_driver.c.obj
                0x1000b210                cyw43_hal_generate_laa_mac
 .text.cyw43_thread_enter
                0x1000b238       0x14 CMakeFiles/test.dir/C_/1_DEV/_PicoSDK/src/rp2_common/pico_cyw43_driver/cyw43_driver.c.obj
                0x1000b238                cyw43_thread_enter
 .text.cyw43_thread_exit
                0x1000b24c       0x14 CMakeFiles/test.dir/C_/1_DEV/_PicoSDK/src/rp2_common/pico_cyw43_driver/cyw43_driver.c.obj
                0x1000b24c                cyw43_thread_exit
 .text.cyw43_await_background_or_timeout_us
                0x1000b260       0x34 CMakeFiles/test.dir/C_/1_DEV/_PicoSDK/src/rp2_common/pico_cyw43_driver/cyw43_driver.c.obj
                0x1000b260                cyw43_await_background_or_timeout_us
 .text.cyw43_delay_ms
                0x1000b294       0x48 CMakeFiles/test.dir/C_/1_DEV/_PicoSDK/src/rp2_common/pico_cyw43_driver/cyw43_driver.c.obj
                0x1000b294                cyw43_delay_ms
 .text.async_context_threadsafe_background_acquire_lock_blocking
                0x1000b2dc        0xc CMakeFiles/test.dir/C_/1_DEV/_PicoSDK/src/rp2_common/pico_async_context/async_context_threadsafe_background.c.obj
 .text.alarm_handler
                0x1000b2e8       0x20 CMakeFiles/test.dir/C_/1_DEV/_PicoSDK/src/rp2_common/pico_async_context/async_context_threadsafe_background.c.obj
 .text.async_context_threadsafe_background_set_work_pending
                0x1000b308       0x1c CMakeFiles/test.dir/C_/1_DEV/_PicoSDK/src/rp2_common/pico_async_context/async_context_threadsafe_background.c.obj
 .text.process_under_lock
                0x1000b324       0xcc CMakeFiles/test.dir/C_/1_DEV/_PicoSDK/src/rp2_common/pico_async_context/async_context_threadsafe_background.c.obj
 .text.async_context_threadsafe_background_execute_sync
                0x1000b3f0       0x30 CMakeFiles/test.dir/C_/1_DEV/_PicoSDK/src/rp2_common/pico_async_context/async_context_threadsafe_background.c.obj
                0x1000b3f0                async_context_threadsafe_background_execute_sync
 .text.async_context_threadsafe_background_deinit
                0x1000b420       0x54 CMakeFiles/test.dir/C_/1_DEV/_PicoSDK/src/rp2_common/pico_async_context/async_context_threadsafe_background.c.obj
 .text.low_priority_irq_handler
                0x1000b474       0x3c CMakeFiles/test.dir/C_/1_DEV/_PicoSDK/src/rp2_common/pico_async_context/async_context_threadsafe_background.c.obj
 .text.async_context_threadsafe_background_wait_for_work_until
                0x1000b4b0        0xc CMakeFiles/test.dir/C_/1_DEV/_PicoSDK/src/rp2_common/pico_async_context/async_context_threadsafe_background.c.obj
 .text.async_context_threadsafe_background_wait_until
                0x1000b4bc       0x1c CMakeFiles/test.dir/C_/1_DEV/_PicoSDK/src/rp2_common/pico_async_context/async_context_threadsafe_background.c.obj
 .text.async_context_threadsafe_background_lock_check
                0x1000b4d8       0x28 CMakeFiles/test.dir/C_/1_DEV/_PicoSDK/src/rp2_common/pico_async_context/async_context_threadsafe_background.c.obj
 .text.async_context_threadsafe_background_release_lock
                0x1000b500       0x1c CMakeFiles/test.dir/C_/1_DEV/_PicoSDK/src/rp2_common/pico_async_context/async_context_threadsafe_background.c.obj
 .text.async_context_threadsafe_background_add_at_time_worker
                0x1000b51c       0x34 CMakeFiles/test.dir/C_/1_DEV/_PicoSDK/src/rp2_common/pico_async_context/async_context_threadsafe_background.c.obj
 .text.async_context_threadsafe_background_remove_at_time_worker
                0x1000b550       0x34 CMakeFiles/test.dir/C_/1_DEV/_PicoSDK/src/rp2_common/pico_async_context/async_context_threadsafe_background.c.obj
 .text.async_context_threadsafe_background_add_when_pending_worker
                0x1000b584       0x34 CMakeFiles/test.dir/C_/1_DEV/_PicoSDK/src/rp2_common/pico_async_context/async_context_threadsafe_background.c.obj
 .text.async_context_threadsafe_background_when_pending_worker
                0x1000b5b8       0x34 CMakeFiles/test.dir/C_/1_DEV/_PicoSDK/src/rp2_common/pico_async_context/async_context_threadsafe_background.c.obj
 .text.async_context_threadsafe_background_default_config
                0x1000b5ec        0xc CMakeFiles/test.dir/C_/1_DEV/_PicoSDK/src/rp2_common/pico_async_context/async_context_threadsafe_background.c.obj
                0x1000b5ec                async_context_threadsafe_background_default_config
 .text.async_context_threadsafe_background_init
                0x1000b5f8       0x8c CMakeFiles/test.dir/C_/1_DEV/_PicoSDK/src/rp2_common/pico_async_context/async_context_threadsafe_background.c.obj
                0x1000b5f8                async_context_threadsafe_background_init
 .text.uart_init
                0x1000b684      0x18c CMakeFiles/test.dir/C_/1_DEV/_PicoSDK/src/rp2_common/hardware_uart/uart.c.obj
                0x1000b684                uart_init
 .text.runtime_init
                0x1000b810       0xf0 CMakeFiles/test.dir/C_/1_DEV/_PicoSDK/src/rp2_common/pico_runtime/runtime.c.obj
                0x1000b810                runtime_init
 .text._exit    0x1000b900        0x4 CMakeFiles/test.dir/C_/1_DEV/_PicoSDK/src/rp2_common/pico_runtime/runtime.c.obj
                0x1000b900                _exit
 .text.exit     0x1000b904        0x8 CMakeFiles/test.dir/C_/1_DEV/_PicoSDK/src/rp2_common/pico_runtime/runtime.c.obj
                0x1000b904                exit
 .text.panic    0x1000b90c       0x30 CMakeFiles/test.dir/C_/1_DEV/_PicoSDK/src/rp2_common/pico_runtime/runtime.c.obj
                0x1000b90c                panic
 .text.hard_assertion_failure
                0x1000b93c        0xc CMakeFiles/test.dir/C_/1_DEV/_PicoSDK/src/rp2_common/pico_runtime/runtime.c.obj
                0x1000b93c                hard_assertion_failure
 .text._out_null
                0x1000b948        0x4 CMakeFiles/test.dir/C_/1_DEV/_PicoSDK/src/rp2_common/pico_printf/printf.c.obj
 .text._out_rev
                0x1000b94c       0xac CMakeFiles/test.dir/C_/1_DEV/_PicoSDK/src/rp2_common/pico_printf/printf.c.obj
 .text._ntoa_format
                0x1000b9f8      0x250 CMakeFiles/test.dir/C_/1_DEV/_PicoSDK/src/rp2_common/pico_printf/printf.c.obj
 .text._out_char
                0x1000bc48       0x10 CMakeFiles/test.dir/C_/1_DEV/_PicoSDK/src/rp2_common/pico_printf/printf.c.obj
 .text._out_fct
                0x1000bc58       0x10 CMakeFiles/test.dir/C_/1_DEV/_PicoSDK/src/rp2_common/pico_printf/printf.c.obj
 .text._etoa    0x1000bc68      0x464 CMakeFiles/test.dir/C_/1_DEV/_PicoSDK/src/rp2_common/pico_printf/printf.c.obj
 .text._ftoa    0x1000c0cc      0x3c0 CMakeFiles/test.dir/C_/1_DEV/_PicoSDK/src/rp2_common/pico_printf/printf.c.obj
 .text._vsnprintf
                0x1000c48c      0xbc8 CMakeFiles/test.dir/C_/1_DEV/_PicoSDK/src/rp2_common/pico_printf/printf.c.obj
 .text.vfctprintf
                0x1000d054       0x20 CMakeFiles/test.dir/C_/1_DEV/_PicoSDK/src/rp2_common/pico_printf/printf.c.obj
                0x1000d054                vfctprintf
 .text.weak_raw_vprintf
                0x1000d074       0x30 CMakeFiles/test.dir/C_/1_DEV/_PicoSDK/src/rp2_common/pico_printf/printf.c.obj
                0x1000d074                weak_raw_vprintf
 .text          0x1000d0a4       0x10 CMakeFiles/test.dir/C_/1_DEV/_PicoSDK/src/rp2_common/pico_bit_ops/bit_ops_aeabi.S.obj
 .text.ctzsi    0x1000d0b4        0xc CMakeFiles/test.dir/C_/1_DEV/_PicoSDK/src/rp2_common/pico_bit_ops/bit_ops_aeabi.S.obj
                0x1000d0b4                __wrap___ctzsi2
 .text.__wrap___aeabi_idiv
                0x1000d0c0       0x50 CMakeFiles/test.dir/C_/1_DEV/_PicoSDK/src/rp2_common/pico_divider/divider.S.obj
                0x1000d0c0                __wrap___aeabi_idivmod
                0x1000d0c0                divmod_s32s32
                0x1000d0c0                div_s32s32
                0x1000d0c0                __wrap___aeabi_idiv
                0x1000d0c8                divmod_s32s32_unsafe
                0x1000d0f4                divmod_s32s32_savestate
 .text.__wrap___aeabi_uidiv
                0x1000d110       0x4c CMakeFiles/test.dir/C_/1_DEV/_PicoSDK/src/rp2_common/pico_divider/divider.S.obj
                0x1000d110                __wrap___aeabi_uidiv
                0x1000d110                __wrap___aeabi_uidivmod
                0x1000d110                div_u32u32
                0x1000d110                divmod_u32u32
                0x1000d118                divmod_u32u32_unsafe
                0x1000d140                divmod_u32u32_savestate
 .text.__wrap___aeabi_ldiv
                0x1000d15c      0x424 CMakeFiles/test.dir/C_/1_DEV/_PicoSDK/src/rp2_common/pico_divider/divider.S.obj
                0x1000d15c                div_s64s64
                0x1000d15c                divmod_s64s64
                0x1000d15c                __wrap___aeabi_ldivmod
                0x1000d18c                divmod_u64u64
                0x1000d18c                div_u64u64
                0x1000d18c                __wrap___aeabi_uldivmod
                0x1000d19c                divmod_u64u64_savestate
                0x1000d1bc                divmod_s64s64_unsafe
                0x1000d244                divmod_u64u64_unsafe
 .text.__wrap___aeabi_darithmetic
                0x1000d580       0x60 CMakeFiles/test.dir/C_/1_DEV/_PicoSDK/src/rp2_common/pico_double/double_aeabi.S.obj
                0x1000d580                __wrap___aeabi_drsub
                0x1000d586                __wrap___aeabi_dsub
                0x1000d590                __wrap___aeabi_dadd
                0x1000d59a                __wrap___aeabi_ddiv
                0x1000d5ce                __wrap___aeabi_dmul
 .text.__wrap___aeabi_cdcmple
                0x1000d5e0       0x6c CMakeFiles/test.dir/C_/1_DEV/_PicoSDK/src/rp2_common/pico_double/double_aeabi.S.obj
                0x1000d5e0                __wrap___aeabi_cdrcmple
                0x1000d5f0                __wrap___aeabi_cdcmpeq
                0x1000d5f0                __wrap___aeabi_cdcmple
 .text.__wrap___aeabi_dcmplt
                0x1000d64c        0xc CMakeFiles/test.dir/C_/1_DEV/_PicoSDK/src/rp2_common/pico_double/double_aeabi.S.obj
                0x1000d64c                __wrap___aeabi_dcmplt
 .text.__wrap___aeabi_dcmpge
                0x1000d658       0x10 CMakeFiles/test.dir/C_/1_DEV/_PicoSDK/src/rp2_common/pico_double/double_aeabi.S.obj
                0x1000d658                __wrap___aeabi_dcmpge
 .text.__wrap___aeabi_dcmpgt
                0x1000d668        0xa CMakeFiles/test.dir/C_/1_DEV/_PicoSDK/src/rp2_common/pico_double/double_aeabi.S.obj
                0x1000d668                __wrap___aeabi_dcmpgt
 .text.__wrap___aeabi_dcmpun
                0x1000d672       0x1c CMakeFiles/test.dir/C_/1_DEV/_PicoSDK/src/rp2_common/pico_double/double_aeabi.S.obj
                0x1000d672                __wrap___aeabi_dcmpun
 *fill*         0x1000d68e        0x2 
 .text.__wrap___aeabi_i2d
                0x1000d690       0x38 CMakeFiles/test.dir/C_/1_DEV/_PicoSDK/src/rp2_common/pico_double/double_aeabi.S.obj
                0x1000d690                __wrap___aeabi_ui2d
                0x1000d698                __wrap___aeabi_i2d
 .text.__wrap___aeabi_d2iz
                0x1000d6c8       0x48 CMakeFiles/test.dir/C_/1_DEV/_PicoSDK/src/rp2_common/pico_double/double_aeabi.S.obj
                0x1000d6c8                double2int_z
                0x1000d6c8                __wrap___aeabi_d2iz
 .text.__wrap___aeabi_d2uiz
                0x1000d710       0x10 CMakeFiles/test.dir/C_/1_DEV/_PicoSDK/src/rp2_common/pico_double/double_aeabi.S.obj
                0x1000d710                __wrap___aeabi_d2uiz
                0x1000d710                double2uint
 .text.missing_double_func_shim
                0x1000d720        0xc CMakeFiles/test.dir/C_/1_DEV/_PicoSDK/src/rp2_common/pico_double/double_init_rom.c.obj
 .text.__aeabi_double_init
                0x1000d72c       0x94 CMakeFiles/test.dir/C_/1_DEV/_PicoSDK/src/rp2_common/pico_double/double_init_rom.c.obj
                0x1000d72c                __aeabi_double_init
 .text.double_table_shim_on_use_helper
                0x1000d7c0       0x2c CMakeFiles/test.dir/C_/1_DEV/_PicoSDK/src/rp2_common/pico_double/double_v1_rom_shim.S.obj
                0x1000d7c0                double_table_shim_on_use_helper
 .text.__aeabi_lmul
                0x1000d7ec       0x32 CMakeFiles/test.dir/C_/1_DEV/_PicoSDK/src/rp2_common/pico_int64_ops/pico_int64_ops_aeabi.S.obj
                0x1000d7ec                __wrap___aeabi_lmul
 *fill*         0x1000d81e        0x2 
 .text.missing_float_func_shim
                0x1000d820        0xc CMakeFiles/test.dir/C_/1_DEV/_PicoSDK/src/rp2_common/pico_float/float_init_rom.c.obj
 .text.__aeabi_float_init
                0x1000d82c       0x5c CMakeFiles/test.dir/C_/1_DEV/_PicoSDK/src/rp2_common/pico_float/float_init_rom.c.obj
                0x1000d82c                __aeabi_float_init
 .text          0x1000d888       0x10 CMakeFiles/test.dir/C_/1_DEV/_PicoSDK/src/rp2_common/pico_mem_ops/mem_ops_aeabi.S.obj
                0x1000d888                __aeabi_mem_init
 .text.memset   0x1000d898        0xc CMakeFiles/test.dir/C_/1_DEV/_PicoSDK/src/rp2_common/pico_mem_ops/mem_ops_aeabi.S.obj
                0x1000d898                __wrap_memset
 .text.memcpy   0x1000d8a4        0xc CMakeFiles/test.dir/C_/1_DEV/_PicoSDK/src/rp2_common/pico_mem_ops/mem_ops_aeabi.S.obj
                0x1000d8a4                __wrap_memcpy
                0x1000d8a4                __wrap___aeabi_memcpy
 .text.stdio_out_chars_crlf
                0x1000d8b0       0x94 CMakeFiles/test.dir/C_/1_DEV/_PicoSDK/src/rp2_common/pico_stdio/stdio.c.obj
 .text.stdio_buffered_printer
                0x1000d944       0x64 CMakeFiles/test.dir/C_/1_DEV/_PicoSDK/src/rp2_common/pico_stdio/stdio.c.obj
 .text.__wrap_putchar
                0x1000d9a8       0x98 CMakeFiles/test.dir/C_/1_DEV/_PicoSDK/src/rp2_common/pico_stdio/stdio.c.obj
                0x1000d9a8                __wrap_putchar
 .text.__wrap_puts
                0x1000da40       0xe0 CMakeFiles/test.dir/C_/1_DEV/_PicoSDK/src/rp2_common/pico_stdio/stdio.c.obj
                0x1000da40                __wrap_puts
 .text.stdio_set_driver_enabled
                0x1000db20       0x30 CMakeFiles/test.dir/C_/1_DEV/_PicoSDK/src/rp2_common/pico_stdio/stdio.c.obj
                0x1000db20                stdio_set_driver_enabled
 .text.__wrap_vprintf
                0x1000db50       0xd4 CMakeFiles/test.dir/C_/1_DEV/_PicoSDK/src/rp2_common/pico_stdio/stdio.c.obj
                0x1000db50                __wrap_vprintf
 .text.__wrap_printf
                0x1000dc24       0x18 CMakeFiles/test.dir/C_/1_DEV/_PicoSDK/src/rp2_common/pico_stdio/stdio.c.obj
                0x1000dc24                __wrap_printf
 .text.stdio_init_all
                0x1000dc3c       0x10 CMakeFiles/test.dir/C_/1_DEV/_PicoSDK/src/rp2_common/pico_stdio/stdio.c.obj
                0x1000dc3c                stdio_init_all
 .text.stdio_uart_out_chars
                0x1000dc4c       0x4c CMakeFiles/test.dir/C_/1_DEV/_PicoSDK/src/rp2_common/pico_stdio_uart/stdio_uart.c.obj
 .text.stdio_uart_in_chars
                0x1000dc98       0x90 CMakeFiles/test.dir/C_/1_DEV/_PicoSDK/src/rp2_common/pico_stdio_uart/stdio_uart.c.obj
                0x1000dc98                stdio_uart_in_chars
 .text.on_uart_rx
                0x1000dd28       0x28 CMakeFiles/test.dir/C_/1_DEV/_PicoSDK/src/rp2_common/pico_stdio_uart/stdio_uart.c.obj
 .text.stdio_uart_set_chars_available_callback
                0x1000dd50       0x8c CMakeFiles/test.dir/C_/1_DEV/_PicoSDK/src/rp2_common/pico_stdio_uart/stdio_uart.c.obj
 .text.stdio_uart_init
                0x1000dddc       0x48 CMakeFiles/test.dir/C_/1_DEV/_PicoSDK/src/rp2_common/pico_stdio_uart/stdio_uart.c.obj
                0x1000dddc                stdio_uart_init
 .text.resetd_init
                0x1000de24        0x4 CMakeFiles/test.dir/C_/1_DEV/_PicoSDK/src/rp2_common/pico_stdio_usb/reset_interface.c.obj
 .text.resetd_reset
                0x1000de28        0xc CMakeFiles/test.dir/C_/1_DEV/_PicoSDK/src/rp2_common/pico_stdio_usb/reset_interface.c.obj
 .text.resetd_open
                0x1000de34       0x28 CMakeFiles/test.dir/C_/1_DEV/_PicoSDK/src/rp2_common/pico_stdio_usb/reset_interface.c.obj
 .text.resetd_xfer_cb
                0x1000de5c        0x4 CMakeFiles/test.dir/C_/1_DEV/_PicoSDK/src/rp2_common/pico_stdio_usb/reset_interface.c.obj
 .text.resetd_control_xfer_cb
                0x1000de60       0x60 CMakeFiles/test.dir/C_/1_DEV/_PicoSDK/src/rp2_common/pico_stdio_usb/reset_interface.c.obj
 .text.usbd_app_driver_get_cb
                0x1000dec0        0xc CMakeFiles/test.dir/C_/1_DEV/_PicoSDK/src/rp2_common/pico_stdio_usb/reset_interface.c.obj
                0x1000dec0                usbd_app_driver_get_cb
 .text.tud_cdc_line_coding_cb
                0x1000decc       0x34 CMakeFiles/test.dir/C_/1_DEV/_PicoSDK/src/rp2_common/pico_stdio_usb/reset_interface.c.obj
                0x1000decc                tud_cdc_line_coding_cb
 .text.stdio_usb_set_chars_available_callback
                0x1000df00       0x14 CMakeFiles/test.dir/C_/1_DEV/_PicoSDK/src/rp2_common/pico_stdio_usb/stdio_usb.c.obj
                0x1000df00                stdio_usb_set_chars_available_callback
 .text.usb_irq  0x1000df14       0x10 CMakeFiles/test.dir/C_/1_DEV/_PicoSDK/src/rp2_common/pico_stdio_usb/stdio_usb.c.obj
 .text.timer_task
                0x1000df24       0x54 CMakeFiles/test.dir/C_/1_DEV/_PicoSDK/src/rp2_common/pico_stdio_usb/stdio_usb.c.obj
 .text.stdio_usb_in_chars
                0x1000df78       0x90 CMakeFiles/test.dir/C_/1_DEV/_PicoSDK/src/rp2_common/pico_stdio_usb/stdio_usb.c.obj
                0x1000df78                stdio_usb_in_chars
 .text.stdio_usb_out_chars
                0x1000e008      0x104 CMakeFiles/test.dir/C_/1_DEV/_PicoSDK/src/rp2_common/pico_stdio_usb/stdio_usb.c.obj
 .text.low_priority_worker_irq
                0x1000e10c       0xa8 CMakeFiles/test.dir/C_/1_DEV/_PicoSDK/src/rp2_common/pico_stdio_usb/stdio_usb.c.obj
 .text.tud_cdc_rx_cb
                0x1000e1b4       0x20 CMakeFiles/test.dir/C_/1_DEV/_PicoSDK/src/rp2_common/pico_stdio_usb/stdio_usb.c.obj
                0x1000e1b4                tud_cdc_rx_cb
 .text.stdio_usb_init
                0x1000e1d4       0xe0 CMakeFiles/test.dir/C_/1_DEV/_PicoSDK/src/rp2_common/pico_stdio_usb/stdio_usb.c.obj
                0x1000e1d4                stdio_usb_init
 .text.tud_descriptor_device_cb
                0x1000e2b4        0x8 CMakeFiles/test.dir/C_/1_DEV/_PicoSDK/src/rp2_common/pico_stdio_usb/stdio_usb_descriptors.c.obj
                0x1000e2b4                tud_descriptor_device_cb
 .text.tud_descriptor_configuration_cb
                0x1000e2bc        0x8 CMakeFiles/test.dir/C_/1_DEV/_PicoSDK/src/rp2_common/pico_stdio_usb/stdio_usb_descriptors.c.obj
                0x1000e2bc                tud_descriptor_configuration_cb
 .text.tud_descriptor_string_cb
                0x1000e2c4       0x78 CMakeFiles/test.dir/C_/1_DEV/_PicoSDK/src/rp2_common/pico_stdio_usb/stdio_usb_descriptors.c.obj
                0x1000e2c4                tud_descriptor_string_cb
 .text.dcd_int_enable
                0x1000e33c        0xc CMakeFiles/test.dir/C_/1_DEV/_PicoSDK/lib/tinyusb/src/portable/raspberrypi/rp2040/dcd_rp2040.c.obj
                0x1000e33c                dcd_int_enable
 .text.dcd_set_address
                0x1000e348       0x14 CMakeFiles/test.dir/C_/1_DEV/_PicoSDK/lib/tinyusb/src/portable/raspberrypi/rp2040/dcd_rp2040.c.obj
                0x1000e348                dcd_set_address
 .text.dcd_connect
                0x1000e35c       0x10 CMakeFiles/test.dir/C_/1_DEV/_PicoSDK/lib/tinyusb/src/portable/raspberrypi/rp2040/dcd_rp2040.c.obj
                0x1000e35c                dcd_connect
 .text.dcd_init
                0x1000e36c       0x98 CMakeFiles/test.dir/C_/1_DEV/_PicoSDK/lib/tinyusb/src/portable/raspberrypi/rp2040/dcd_rp2040.c.obj
                0x1000e36c                dcd_init
 .text.dcd_edpt0_status_complete
                0x1000e404       0x1c CMakeFiles/test.dir/C_/1_DEV/_PicoSDK/lib/tinyusb/src/portable/raspberrypi/rp2040/dcd_rp2040.c.obj
                0x1000e404                dcd_edpt0_status_complete
 .text.dcd_edpt_open
                0x1000e420      0x108 CMakeFiles/test.dir/C_/1_DEV/_PicoSDK/lib/tinyusb/src/portable/raspberrypi/rp2040/dcd_rp2040.c.obj
                0x1000e420                dcd_edpt_open
 .text.dcd_edpt_close_all
                0x1000e528        0x8 CMakeFiles/test.dir/C_/1_DEV/_PicoSDK/lib/tinyusb/src/portable/raspberrypi/rp2040/dcd_rp2040.c.obj
                0x1000e528                dcd_edpt_close_all
 .text.dcd_edpt_xfer
                0x1000e530       0x24 CMakeFiles/test.dir/C_/1_DEV/_PicoSDK/lib/tinyusb/src/portable/raspberrypi/rp2040/dcd_rp2040.c.obj
                0x1000e530                dcd_edpt_xfer
 .text.dcd_edpt_stall
                0x1000e554       0x34 CMakeFiles/test.dir/C_/1_DEV/_PicoSDK/lib/tinyusb/src/portable/raspberrypi/rp2040/dcd_rp2040.c.obj
                0x1000e554                dcd_edpt_stall
 .text.dcd_edpt_clear_stall
                0x1000e588       0x30 CMakeFiles/test.dir/C_/1_DEV/_PicoSDK/lib/tinyusb/src/portable/raspberrypi/rp2040/dcd_rp2040.c.obj
                0x1000e588                dcd_edpt_clear_stall
 .text.rp2040_usb_init
                0x1000e5b8       0x4c CMakeFiles/test.dir/C_/1_DEV/_PicoSDK/lib/tinyusb/src/portable/raspberrypi/rp2040/rp2040_usb.c.obj
                0x1000e5b8                rp2040_usb_init
 .text.hw_endpoint_xfer_start
                0x1000e604       0x40 CMakeFiles/test.dir/C_/1_DEV/_PicoSDK/lib/tinyusb/src/portable/raspberrypi/rp2040/rp2040_usb.c.obj
                0x1000e604                hw_endpoint_xfer_start
 .text.tud_mounted
                0x1000e644       0x10 CMakeFiles/test.dir/C_/1_DEV/_PicoSDK/lib/tinyusb/src/device/usbd.c.obj
                0x1000e644                tud_mounted
 .text.tud_suspended
                0x1000e654       0x10 CMakeFiles/test.dir/C_/1_DEV/_PicoSDK/lib/tinyusb/src/device/usbd.c.obj
                0x1000e654                tud_suspended
 .text.tud_inited
                0x1000e664       0x14 CMakeFiles/test.dir/C_/1_DEV/_PicoSDK/lib/tinyusb/src/device/usbd.c.obj
                0x1000e664                tud_inited
 .text.tud_init
                0x1000e678       0xdc CMakeFiles/test.dir/C_/1_DEV/_PicoSDK/lib/tinyusb/src/device/usbd.c.obj
                0x1000e678                tud_init
 .text.tud_task_ext
                0x1000e754      0x850 CMakeFiles/test.dir/C_/1_DEV/_PicoSDK/lib/tinyusb/src/device/usbd.c.obj
                0x1000e754                tud_task_ext
 .text.usbd_open_edpt_pair
                0x1000efa4       0x9c CMakeFiles/test.dir/C_/1_DEV/_PicoSDK/lib/tinyusb/src/device/usbd.c.obj
                0x1000efa4                usbd_open_edpt_pair
 .text.usbd_defer_func
                0x1000f040       0x48 CMakeFiles/test.dir/C_/1_DEV/_PicoSDK/lib/tinyusb/src/device/usbd.c.obj
                0x1000f040                usbd_defer_func
 .text.usbd_edpt_open
                0x1000f088       0x34 CMakeFiles/test.dir/C_/1_DEV/_PicoSDK/lib/tinyusb/src/device/usbd.c.obj
                0x1000f088                usbd_edpt_open
 .text.usbd_edpt_claim
                0x1000f0bc       0x28 CMakeFiles/test.dir/C_/1_DEV/_PicoSDK/lib/tinyusb/src/device/usbd.c.obj
                0x1000f0bc                usbd_edpt_claim
 .text.usbd_edpt_release
                0x1000f0e4       0x28 CMakeFiles/test.dir/C_/1_DEV/_PicoSDK/lib/tinyusb/src/device/usbd.c.obj
                0x1000f0e4                usbd_edpt_release
 .text.usbd_edpt_xfer
                0x1000f10c       0x4c CMakeFiles/test.dir/C_/1_DEV/_PicoSDK/lib/tinyusb/src/device/usbd.c.obj
                0x1000f10c                usbd_edpt_xfer
 .text.tud_control_status
                0x1000f158       0x2c CMakeFiles/test.dir/C_/1_DEV/_PicoSDK/lib/tinyusb/src/device/usbd_control.c.obj
                0x1000f158                tud_control_status
 .text.tud_control_xfer
                0x1000f184       0xac CMakeFiles/test.dir/C_/1_DEV/_PicoSDK/lib/tinyusb/src/device/usbd_control.c.obj
                0x1000f184                tud_control_xfer
 .text.usbd_control_reset
                0x1000f230       0x14 CMakeFiles/test.dir/C_/1_DEV/_PicoSDK/lib/tinyusb/src/device/usbd_control.c.obj
                0x1000f230                usbd_control_reset
 .text.usbd_control_set_complete_callback
                0x1000f244        0xc CMakeFiles/test.dir/C_/1_DEV/_PicoSDK/lib/tinyusb/src/device/usbd_control.c.obj
                0x1000f244                usbd_control_set_complete_callback
 .text.usbd_control_set_request
                0x1000f250       0x1c CMakeFiles/test.dir/C_/1_DEV/_PicoSDK/lib/tinyusb/src/device/usbd_control.c.obj
                0x1000f250                usbd_control_set_request
 .text.usbd_control_xfer_cb
                0x1000f26c       0xf4 CMakeFiles/test.dir/C_/1_DEV/_PicoSDK/lib/tinyusb/src/device/usbd_control.c.obj
                0x1000f26c                usbd_control_xfer_cb
 .text.tud_cdc_n_connected
                0x1000f360       0x30 CMakeFiles/test.dir/C_/1_DEV/_PicoSDK/lib/tinyusb/src/class/cdc/cdc_device.c.obj
                0x1000f360                tud_cdc_n_connected
 .text.tud_cdc_n_available
                0x1000f390       0x18 CMakeFiles/test.dir/C_/1_DEV/_PicoSDK/lib/tinyusb/src/class/cdc/cdc_device.c.obj
                0x1000f390                tud_cdc_n_available
 .text.tud_cdc_n_read
                0x1000f3a8       0x70 CMakeFiles/test.dir/C_/1_DEV/_PicoSDK/lib/tinyusb/src/class/cdc/cdc_device.c.obj
                0x1000f3a8                tud_cdc_n_read
 .text.tud_cdc_n_write_flush
                0x1000f418       0x78 CMakeFiles/test.dir/C_/1_DEV/_PicoSDK/lib/tinyusb/src/class/cdc/cdc_device.c.obj
                0x1000f418                tud_cdc_n_write_flush
 .text.tud_cdc_n_write
                0x1000f490       0x34 CMakeFiles/test.dir/C_/1_DEV/_PicoSDK/lib/tinyusb/src/class/cdc/cdc_device.c.obj
                0x1000f490                tud_cdc_n_write
 .text.tud_cdc_n_write_available
                0x1000f4c4       0x18 CMakeFiles/test.dir/C_/1_DEV/_PicoSDK/lib/tinyusb/src/class/cdc/cdc_device.c.obj
                0x1000f4c4                tud_cdc_n_write_available
 .text.cdcd_init
                0x1000f4dc       0x7c CMakeFiles/test.dir/C_/1_DEV/_PicoSDK/lib/tinyusb/src/class/cdc/cdc_device.c.obj
                0x1000f4dc                cdcd_init
 .text.cdcd_reset
                0x1000f558       0x2c CMakeFiles/test.dir/C_/1_DEV/_PicoSDK/lib/tinyusb/src/class/cdc/cdc_device.c.obj
                0x1000f558                cdcd_reset
 .text.cdcd_open
                0x1000f584       0xe4 CMakeFiles/test.dir/C_/1_DEV/_PicoSDK/lib/tinyusb/src/class/cdc/cdc_device.c.obj
                0x1000f584                cdcd_open
 .text.cdcd_control_xfer_cb
                0x1000f668       0xe4 CMakeFiles/test.dir/C_/1_DEV/_PicoSDK/lib/tinyusb/src/class/cdc/cdc_device.c.obj
                0x1000f668                cdcd_control_xfer_cb
 .text.cdcd_xfer_cb
                0x1000f74c      0x13c CMakeFiles/test.dir/C_/1_DEV/_PicoSDK/lib/tinyusb/src/class/cdc/cdc_device.c.obj
                0x1000f74c                cdcd_xfer_cb
 .text.tusb_init
                0x1000f888        0xc CMakeFiles/test.dir/C_/1_DEV/_PicoSDK/lib/tinyusb/src/tusb.c.obj
                0x1000f888                tusb_init
 .text.tusb_inited
                0x1000f894        0x8 CMakeFiles/test.dir/C_/1_DEV/_PicoSDK/lib/tinyusb/src/tusb.c.obj
                0x1000f894                tusb_inited
 .text.tu_edpt_claim
                0x1000f89c       0x50 CMakeFiles/test.dir/C_/1_DEV/_PicoSDK/lib/tinyusb/src/tusb.c.obj
                0x1000f89c                tu_edpt_claim
 .text.tu_edpt_release
                0x1000f8ec       0x38 CMakeFiles/test.dir/C_/1_DEV/_PicoSDK/lib/tinyusb/src/tusb.c.obj
                0x1000f8ec                tu_edpt_release
 .text.tu_edpt_validate
                0x1000f924       0x7c CMakeFiles/test.dir/C_/1_DEV/_PicoSDK/lib/tinyusb/src/tusb.c.obj
                0x1000f924                tu_edpt_validate
 .text.tu_edpt_bind_driver
                0x1000f9a0       0x34 CMakeFiles/test.dir/C_/1_DEV/_PicoSDK/lib/tinyusb/src/tusb.c.obj
                0x1000f9a0                tu_edpt_bind_driver
 .text.tu_fifo_config
                0x1000f9d4       0x6c CMakeFiles/test.dir/C_/1_DEV/_PicoSDK/lib/tinyusb/src/common/tusb_fifo.c.obj
                0x1000f9d4                tu_fifo_config
 .text.tu_fifo_count
                0x1000fa40       0x2c CMakeFiles/test.dir/C_/1_DEV/_PicoSDK/lib/tinyusb/src/common/tusb_fifo.c.obj
                0x1000fa40                tu_fifo_count
 .text.tu_fifo_empty
                0x1000fa6c       0x10 CMakeFiles/test.dir/C_/1_DEV/_PicoSDK/lib/tinyusb/src/common/tusb_fifo.c.obj
                0x1000fa6c                tu_fifo_empty
 .text.tu_fifo_remaining
                0x1000fa7c       0x2c CMakeFiles/test.dir/C_/1_DEV/_PicoSDK/lib/tinyusb/src/common/tusb_fifo.c.obj
                0x1000fa7c                tu_fifo_remaining
 .text.tu_fifo_read
                0x1000faa8       0x9c CMakeFiles/test.dir/C_/1_DEV/_PicoSDK/lib/tinyusb/src/common/tusb_fifo.c.obj
                0x1000faa8                tu_fifo_read
 .text.tu_fifo_read_n
                0x1000fb44       0xe8 CMakeFiles/test.dir/C_/1_DEV/_PicoSDK/lib/tinyusb/src/common/tusb_fifo.c.obj
                0x1000fb44                tu_fifo_read_n
 .text.tu_fifo_write
                0x1000fc2c       0xa8 CMakeFiles/test.dir/C_/1_DEV/_PicoSDK/lib/tinyusb/src/common/tusb_fifo.c.obj
                0x1000fc2c                tu_fifo_write
 .text.tu_fifo_write_n
                0x1000fcd4      0x178 CMakeFiles/test.dir/C_/1_DEV/_PicoSDK/lib/tinyusb/src/common/tusb_fifo.c.obj
                0x1000fcd4                tu_fifo_write_n
 .text.tu_fifo_clear
                0x1000fe4c       0x40 CMakeFiles/test.dir/C_/1_DEV/_PicoSDK/lib/tinyusb/src/common/tusb_fifo.c.obj
                0x1000fe4c                tu_fifo_clear
 .text.tu_fifo_set_overwritable
                0x1000fe8c       0x48 CMakeFiles/test.dir/C_/1_DEV/_PicoSDK/lib/tinyusb/src/common/tusb_fifo.c.obj
                0x1000fe8c                tu_fifo_set_overwritable
 .text.memmove  0x1000fed4       0xb0 C:/PROGRA~2/ARMGNU~1/13C7F1~1.2RE/bin/../lib/gcc/arm-none-eabi/13.2.1/thumb/v6-m/nofp\libc.a(libc_a-memmove.o)
                0x1000fed4                memmove
 .text.strncmp  0x1000ff84       0x74 C:/PROGRA~2/ARMGNU~1/13C7F1~1.2RE/bin/../lib/gcc/arm-none-eabi/13.2.1/thumb/v6-m/nofp\libc.a(libc_a-strncmp.o)
                0x1000ff84                strncmp
 .text.strlen   0x1000fff8       0x5c C:/PROGRA~2/ARMGNU~1/13C7F1~1.2RE/bin/../lib/gcc/arm-none-eabi/13.2.1/thumb/v6-m/nofp\libc.a(libc_a-strlen-stub.o)
                0x1000fff8                strlen
 *(.fini)
 .fini          0x10010054        0x4 C:/PROGRA~2/ARMGNU~1/13C7F1~1.2RE/bin/../lib/gcc/arm-none-eabi/13.2.1/thumb/v6-m/nofp/crti.o
                0x10010054                _fini
 .fini.__stub   0x10010058      0x110 linker stubs
 *crtbegin.o(.ctors)
 *crtbegin?.o(.ctors)
 *(EXCLUDE_FILE(*crtend.o *crtend?.o) .ctors)
 *(SORT_BY_NAME(.ctors.*))
 *(.ctors)
 *crtbegin.o(.dtors)
 *crtbegin?.o(.dtors)
 *(EXCLUDE_FILE(*crtend.o *crtend?.o) .dtors)
 *(SORT_BY_NAME(.dtors.*))
 *(.dtors)
 *(.eh_frame*)
 .eh_frame      0x10010168        0x0 C:/PROGRA~2/ARMGNU~1/13C7F1~1.2RE/bin/../lib/gcc/arm-none-eabi/13.2.1/thumb/v6-m/nofp/crtbegin.o
                0x10010168                        . = ALIGN (0x4)

.glue_7         0x10010168        0x0
 .glue_7        0x10010168        0x0 linker stubs

.glue_7t        0x10010168        0x0
 .glue_7t       0x10010168        0x0 linker stubs

.vfp11_veneer   0x10010168        0x0
 .vfp11_veneer  0x10010168        0x0 linker stubs

.v4_bx          0x10010168        0x0
 .v4_bx         0x10010168        0x0 linker stubs

.iplt           0x10010168        0x0
 .iplt          0x10010168        0x0 C:/PROGRA~2/ARMGNU~1/13C7F1~1.2RE/bin/../lib/gcc/arm-none-eabi/13.2.1/thumb/v6-m/nofp/crtbegin.o

.rodata         0x10010168    0x38e94
 *(EXCLUDE_FILE(*libm.a: *libc.a:*lib_a-mem*.o *libgcc.a:) .rodata*)
 .rodata.main.str1.4
                0x10010168     0x12a5 CMakeFiles/test.dir/main.cpp.obj
                                 0x12 (size before relaxing)
 .rodata.spin_lock_claim_unused.str1.4
                0x1001140d       0x1b CMakeFiles/test.dir/C_/1_DEV/_PicoSDK/src/rp2_common/hardware_sync/sync.c.obj
 .rodata.user_irq_claim_unused.str1.4
                0x1001140d       0x1b CMakeFiles/test.dir/C_/1_DEV/_PicoSDK/src/rp2_common/hardware_irq/irq.c.obj
 *fill*         0x1001140d        0x3 
 .rodata.at_the_end_of_time
                0x10011410        0x8 CMakeFiles/test.dir/C_/1_DEV/_PicoSDK/src/common/pico_time/time.c.obj
                0x10011410                at_the_end_of_time
 .rodata.hardware_alarm_claim.str1.4
                0x10011418       0x22 CMakeFiles/test.dir/C_/1_DEV/_PicoSDK/src/rp2_common/hardware_timer/timer.c.obj
 .rodata.dns_send.isra.0.str1.4
                0x10011418       0x18 CMakeFiles/test.dir/C_/1_DEV/_PicoSDK/lib/lwip/src/core/dns.c.obj
 .rodata.dns_check_entry.str1.4
                0x10011418       0x3b CMakeFiles/test.dir/C_/1_DEV/_PicoSDK/lib/lwip/src/core/dns.c.obj
 .rodata.mem_free.str1.4
                0x10011418       0xb6 CMakeFiles/test.dir/C_/1_DEV/_PicoSDK/lib/lwip/src/core/mem.c.obj
 .rodata.mem_trim.str1.4
                0x10011418       0x49 CMakeFiles/test.dir/C_/1_DEV/_PicoSDK/lib/lwip/src/core/mem.c.obj
 .rodata.mem_malloc.str1.4
                0x10011418       0x5f CMakeFiles/test.dir/C_/1_DEV/_PicoSDK/lib/lwip/src/core/mem.c.obj
 .rodata.memp_malloc_pool.str1.4
                0x10011418       0x37 CMakeFiles/test.dir/C_/1_DEV/_PicoSDK/lib/lwip/src/core/memp.c.obj
 .rodata.memp_free_pool.str1.4
                0x10011418       0x20 CMakeFiles/test.dir/C_/1_DEV/_PicoSDK/lib/lwip/src/core/memp.c.obj
 .rodata.memp_pools
                0x10011418       0x24 CMakeFiles/test.dir/C_/1_DEV/_PicoSDK/lib/lwip/src/core/memp.c.obj
                0x10011418                memp_pools
 .rodata.memp_PBUF_POOL
                0x1001143c        0xc CMakeFiles/test.dir/C_/1_DEV/_PicoSDK/lib/lwip/src/core/memp.c.obj
                0x1001143c                memp_PBUF_POOL
 .rodata.memp_PBUF
                0x10011448        0xc CMakeFiles/test.dir/C_/1_DEV/_PicoSDK/lib/lwip/src/core/memp.c.obj
                0x10011448                memp_PBUF
 .rodata.memp_SYS_TIMEOUT
                0x10011454        0xc CMakeFiles/test.dir/C_/1_DEV/_PicoSDK/lib/lwip/src/core/memp.c.obj
                0x10011454                memp_SYS_TIMEOUT
 .rodata.memp_REASSDATA
                0x10011460        0xc CMakeFiles/test.dir/C_/1_DEV/_PicoSDK/lib/lwip/src/core/memp.c.obj
                0x10011460                memp_REASSDATA
 .rodata.memp_TCP_SEG
                0x1001146c        0xc CMakeFiles/test.dir/C_/1_DEV/_PicoSDK/lib/lwip/src/core/memp.c.obj
                0x1001146c                memp_TCP_SEG
 .rodata.memp_TCP_PCB_LISTEN
                0x10011478        0xc CMakeFiles/test.dir/C_/1_DEV/_PicoSDK/lib/lwip/src/core/memp.c.obj
                0x10011478                memp_TCP_PCB_LISTEN
 .rodata.memp_TCP_PCB
                0x10011484        0xc CMakeFiles/test.dir/C_/1_DEV/_PicoSDK/lib/lwip/src/core/memp.c.obj
                0x10011484                memp_TCP_PCB
 .rodata.memp_UDP_PCB
                0x10011490        0xc CMakeFiles/test.dir/C_/1_DEV/_PicoSDK/lib/lwip/src/core/memp.c.obj
                0x10011490                memp_UDP_PCB
 .rodata.memp_RAW_PCB
                0x1001149c        0xc CMakeFiles/test.dir/C_/1_DEV/_PicoSDK/lib/lwip/src/core/memp.c.obj
                0x1001149c                memp_RAW_PCB
 .rodata.pbuf_free.part.0.str1.4
                0x100114a8       0x2a CMakeFiles/test.dir/C_/1_DEV/_PicoSDK/lib/lwip/src/core/pbuf.c.obj
 .rodata.pbuf_alloc.str1.4
                0x100114a8       0x1b CMakeFiles/test.dir/C_/1_DEV/_PicoSDK/lib/lwip/src/core/pbuf.c.obj
 .rodata.pbuf_realloc.str1.4
                0x100114a8       0x65 CMakeFiles/test.dir/C_/1_DEV/_PicoSDK/lib/lwip/src/core/pbuf.c.obj
 .rodata.pbuf_add_header.str1.4
                0x100114a8        0xa CMakeFiles/test.dir/C_/1_DEV/_PicoSDK/lib/lwip/src/core/pbuf.c.obj
 .rodata.pbuf_ref.str1.4
                0x100114a8       0x12 CMakeFiles/test.dir/C_/1_DEV/_PicoSDK/lib/lwip/src/core/pbuf.c.obj
 .rodata.pbuf_cat.str1.4
                0x100114a8       0x2d CMakeFiles/test.dir/C_/1_DEV/_PicoSDK/lib/lwip/src/core/pbuf.c.obj
 .rodata.pbuf_copy_partial_pbuf.str1.4
                0x100114a8       0x33 CMakeFiles/test.dir/C_/1_DEV/_PicoSDK/lib/lwip/src/core/pbuf.c.obj
 .rodata.pbuf_take.str1.4
                0x100114a8       0x2e CMakeFiles/test.dir/C_/1_DEV/_PicoSDK/lib/lwip/src/core/pbuf.c.obj
 .rodata.pbuf_take_at.str1.4
                0x100114a8       0x17 CMakeFiles/test.dir/C_/1_DEV/_PicoSDK/lib/lwip/src/core/pbuf.c.obj
 .rodata.tcp_close_shutdown_fin.str1.4
                0x100114a8        0xc CMakeFiles/test.dir/C_/1_DEV/_PicoSDK/lib/lwip/src/core/tcp.c.obj
 .rodata.tcp_free.str1.4
                0x100114a8       0x11 CMakeFiles/test.dir/C_/1_DEV/_PicoSDK/lib/lwip/src/core/tcp.c.obj
 .rodata.tcp_update_rcv_ann_wnd.str1.4
                0x100114a8       0x3e CMakeFiles/test.dir/C_/1_DEV/_PicoSDK/lib/lwip/src/core/tcp.c.obj
 .rodata.tcp_recved.str1.4
                0x100114a8       0x26 CMakeFiles/test.dir/C_/1_DEV/_PicoSDK/lib/lwip/src/core/tcp.c.obj
 .rodata.tcp_slowtmr.str1.4
                0x100114a8      0x1c6 CMakeFiles/test.dir/C_/1_DEV/_PicoSDK/lib/lwip/src/core/tcp.c.obj
 .rodata.tcp_pcb_remove.str1.4
                0x100114a8       0x87 CMakeFiles/test.dir/C_/1_DEV/_PicoSDK/lib/lwip/src/core/tcp.c.obj
 .rodata.tcp_abandon.str1.4
                0x100114a8       0x31 CMakeFiles/test.dir/C_/1_DEV/_PicoSDK/lib/lwip/src/core/tcp.c.obj
 .rodata.tcp_eff_send_mss_netif.str1.4
                0x100114a8       0x27 CMakeFiles/test.dir/C_/1_DEV/_PicoSDK/lib/lwip/src/core/tcp.c.obj
 .rodata.tcp_persist_backoff
                0x100114a8        0x7 CMakeFiles/test.dir/C_/1_DEV/_PicoSDK/lib/lwip/src/core/tcp.c.obj
 *fill*         0x100114af        0x1 
 .rodata.tcp_backoff
                0x100114b0        0xd CMakeFiles/test.dir/C_/1_DEV/_PicoSDK/lib/lwip/src/core/tcp.c.obj
 .rodata.tcp_create_segment.str1.4
                0x100114bd       0x59 CMakeFiles/test.dir/C_/1_DEV/_PicoSDK/lib/lwip/src/core/tcp_out.c.obj
 .rodata.tcp_output_fill_options.part.0.str1.4
                0x100114bd       0x13 CMakeFiles/test.dir/C_/1_DEV/_PicoSDK/lib/lwip/src/core/tcp_out.c.obj
 .rodata.tcp_output_control_segment.str1.4